
◆  Rendering blockchain-explainer → /Users/armaanarya/YBAREPO/videos/blockchain-explainer/renders/blockchain-explainer.mp4
   30fps · high · auto workers (10 cores detected)
   GPU: browser GPU (auto-detect)

[?25l│
◒  Checking browser[1G[J◇  Browser: cache
[?25h[INFO] [Render] Pipeline started {"renderJobId":"9cb127d3-2120-4563-b46d-eae31127d61a","platform":"darwin","arch":"arm64","nodeVersion":"v26.7.0","fps":{"num":30,"den":1},"format":"mp4","quality":"high","browserGpuMode":"auto","forceScreenshot":false,"protocolTimeout":300000,"browserTimeout":120000,"pageNavigationTimeout":60000,"playerReadyTimeout":45000}
[INFO] [Render:trace] {"renderJobId":"9cb127d3-2120-4563-b46d-eae31127d61a","phase":"pipeline","status":"checkpoint","elapsedMs":2,"message":"started","format":"mp4","quality":"high","browserGpuMode":"auto","forceScreenshot":false,"protocolTimeoutMs":300000,"pageNavigationTimeoutMs":60000,"playerReadyTimeoutMs":45000,"requestedWorkers":"auto"}
[INFO] [Render:trace] {"renderJobId":"9cb127d3-2120-4563-b46d-eae31127d61a","phase":"compile","status":"start","elapsedMs":4,"needsAlpha":false}
  █░░░░░░░░░░░░░░░░░░░░░░░░  5%  Compiling composition
[INFO] [Compiler] Inlined CDN script: https://cdn.jsdelivr.net/npm/gsap@3.14.2/dist/gsap.min.js
[INFO] Compiled composition metadata {"renderJobId":"9cb127d3-2120-4563-b46d-eae31127d61a","entryFile":"index.html","staticDuration":114.75,"width":1920,"height":1080,"videoCount":0,"audioCount":11,"renderModeHints":{"recommendScreenshot":false,"reasons":[]}}
[INFO] [Render:trace] {"renderJobId":"9cb127d3-2120-4563-b46d-eae31127d61a","phase":"compile","status":"end","elapsedMs":734,"durationMs":730,"needsAlpha":false}
[INFO] [Render:trace] {"renderJobId":"9cb127d3-2120-4563-b46d-eae31127d61a","phase":"compile","status":"checkpoint","elapsedMs":735,"message":"composition metadata resolved","width":1920,"height":1080,"videoCount":0,"audioCount":11,"imageCount":1,"deviceScaleFactor":1,"forceScreenshot":false,"compositionHash":"1f4919cf424d4691"}
[INFO] [Render:trace] {"renderJobId":"9cb127d3-2120-4563-b46d-eae31127d61a","phase":"browser_probe","status":"start","elapsedMs":736,"forceScreenshot":false,"stagePhase":"calibrating"}
[INFO] [Render:trace] {"renderJobId":"9cb127d3-2120-4563-b46d-eae31127d61a","phase":"browser_probe","status":"end","elapsedMs":913,"durationMs":177,"forceScreenshot":false,"stagePhase":"calibrating"}
[INFO] [Render:trace] {"renderJobId":"9cb127d3-2120-4563-b46d-eae31127d61a","phase":"browser_probe","status":"checkpoint","elapsedMs":914,"message":"duration resolved","durationSeconds":114.75,"totalFrames":3443,"compositionHash":"1f4919cf424d4691","beginFrameStalled":false}
[INFO] [Render:trace] {"renderJobId":"9cb127d3-2120-4563-b46d-eae31127d61a","phase":"video_extract","status":"start","elapsedMs":914,"videoCount":0}
  ██░░░░░░░░░░░░░░░░░░░░░░░  10%  Extracting video frames
[INFO] [Render:trace] {"renderJobId":"9cb127d3-2120-4563-b46d-eae31127d61a","phase":"video_extract","status":"end","elapsedMs":916,"durationMs":1,"videoCount":0}
[INFO] [Render:trace] {"renderJobId":"9cb127d3-2120-4563-b46d-eae31127d61a","phase":"video_extract","status":"checkpoint","elapsedMs":923,"message":"frames resolved","videoCount":0,"extractedVideoCount":0,"totalFramesExtracted":0,"maxFramesPerVideo":0,"avgFramesPerExtractedVideo":null,"vfrPreflightCount":null,"vfrPreflightMs":null,"cacheHits":null,"cacheMisses":null,"transientRetries":null,"minVideoFrameCoverageRatio":null,"authoredTimedClipCount":25}
[INFO] [Render] No HDR sources detected — rendering SDR {"renderJobId":"9cb127d3-2120-4563-b46d-eae31127d61a"}
[INFO] [Render:trace] {"renderJobId":"9cb127d3-2120-4563-b46d-eae31127d61a","phase":"hdr_detection","status":"checkpoint","elapsedMs":924,"message":"resolved","requestedHdrMode":"auto","effectiveHdr":"sdr","nativeHdrVideoCount":0,"nativeHdrImageCount":0}
[INFO] [Render:trace] {"renderJobId":"9cb127d3-2120-4563-b46d-eae31127d61a","phase":"audio_process","status":"start","elapsedMs":924,"audioCount":11}
  █████░░░░░░░░░░░░░░░░░░░░  20%  Processing audio tracks
[INFO] [Render:trace] {"renderJobId":"9cb127d3-2120-4563-b46d-eae31127d61a","phase":"audio_process","status":"end","elapsedMs":4444,"durationMs":3520,"audioCount":11}
[INFO] [Render:trace] {"renderJobId":"9cb127d3-2120-4563-b46d-eae31127d61a","phase":"file_server","status":"start","elapsedMs":4445,"reused":false}
  ██████░░░░░░░░░░░░░░░░░░░  25%  Starting frame capture
[INFO] [Render:trace] {"renderJobId":"9cb127d3-2120-4563-b46d-eae31127d61a","phase":"file_server","status":"end","elapsedMs":4449,"durationMs":4}
  ██████░░░░░░░░░░░░░░░░░░░  25%  Checking browser GPU
[hyperframes] browserGpuMode probe → hardware (WebGL renderer vendor="Google Inc. (Apple)" renderer="ANGLE (Apple, ANGLE Metal Renderer: Apple M5, Unspecified Version)")
[INFO] [Render:trace] {"renderJobId":"9cb127d3-2120-4563-b46d-eae31127d61a","phase":"capture_calibration","status":"checkpoint","elapsedMs":4793,"message":"skipped","requestedWorkers":"auto","totalFrames":3443,"htmlInCanvasDetected":false,"lowMemoryMode":false,"deInversionEligible":true,"deParallelRouterEligible":false}
[INFO] [Render] Fast capture: single-worker drawElement streaming preferred over 4-worker screenshot capture (3443 frames >= 900; verified path, measured faster at every worker count). Set HF_DE_SINGLE_MIN_FRAMES=0 or --workers N to override. {"renderJobId":"9cb127d3-2120-4563-b46d-eae31127d61a"}
[INFO] [Render:trace] {"renderJobId":"9cb127d3-2120-4563-b46d-eae31127d61a","phase":"worker_resolution","status":"checkpoint","elapsedMs":4794,"message":"resolved","workerCount":1}
[INFO] streaming-encode gate {"renderJobId":"9cb127d3-2120-4563-b46d-eae31127d61a","enabled":true,"reason":"single_worker","configFlag":true,"durationCapEnabled":false,"outputFormat":"mp4","workerCount":1,"durationSeconds":114.75,"maxDurationSeconds":240}
[INFO] [Render:trace] {"renderJobId":"9cb127d3-2120-4563-b46d-eae31127d61a","phase":"capture_strategy","status":"checkpoint","elapsedMs":4795,"message":"resolved","workerCount":1,"forceScreenshot":false,"captureBeyondViewport":null,"useStreamingEncode":true,"useLayeredComposite":false,"usePageSideCompositing":false,"hasHdrContent":false,"hasShaderTransitions":false,"isPngSequence":false}
[INFO] [Render:trace] {"renderJobId":"9cb127d3-2120-4563-b46d-eae31127d61a","phase":"capture_streaming","status":"start","elapsedMs":4795,"stagePhase":"capturing","workerCount":1,"forceScreenshot":false,"totalFrames":3443,"framesCompleted":0,"captureMode":"drawelement","captureOperation":"drawElement"}
[BrowserManager] Browser launched (HeadlessChrome/152.0.7977.30, screenshot, gl=--use-gl=angle --use-angle=metal, headlessShell=true, platform=darwin)
[initSession:screenshot] page.goto start (1ms)
[HyperFrames] render runtime fps {"canonicalFps":30,"source":"render-options","rawFpsSource":"render-options","rawFps":30}
[initSession:screenshot] page.goto complete (473ms)
[initSession:screenshot] GSAP proxy flush complete (548ms)
[initSession:screenshot] pollHfReady complete (608ms)
[initSession:screenshot] pollSubCompositionTimelines complete (ready) (610ms)
[initSession:screenshot] applyVideoMetadataHints complete (610ms)
[initSession:screenshot] media + fonts + tailwind ready (612ms)
[engine] fast capture: falling back to screenshot capture — filter:drop-shadow detected (drawElementImage cannot reproduce it; see fast-capture-limitations.md)
[initSession:screenshot] static-frame dedup: disabled (eligible) (666ms)
  ██████░░░░░░░░░░░░░░░░░░░  25%  Streaming frame 1/3443
  ██████░░░░░░░░░░░░░░░░░░░  25%  Streaming frame 7/3443
  ██████░░░░░░░░░░░░░░░░░░░  25%  Streaming frame 13/3443
  ██████░░░░░░░░░░░░░░░░░░░  25%  Streaming frame 19/3443
  ██████░░░░░░░░░░░░░░░░░░░  25%  Streaming frame 24/3443
  ██████░░░░░░░░░░░░░░░░░░░  25%  Streaming frame 29/3443
  ██████░░░░░░░░░░░░░░░░░░░  26%  Streaming frame 34/3443
  ██████░░░░░░░░░░░░░░░░░░░  26%  Streaming frame 39/3443
  ██████░░░░░░░░░░░░░░░░░░░  26%  Streaming frame 45/3443
  ██████░░░░░░░░░░░░░░░░░░░  26%  Streaming frame 50/3443
  ██████░░░░░░░░░░░░░░░░░░░  26%  Streaming frame 55/3443
  ██████░░░░░░░░░░░░░░░░░░░  26%  Streaming frame 61/3443
  ██████░░░░░░░░░░░░░░░░░░░  26%  Streaming frame 66/3443
  ██████░░░░░░░░░░░░░░░░░░░  26%  Streaming frame 71/3443
  ██████░░░░░░░░░░░░░░░░░░░  26%  Streaming frame 76/3443
  ██████░░░░░░░░░░░░░░░░░░░  26%  Streaming frame 81/3443
  ██████░░░░░░░░░░░░░░░░░░░  26%  Streaming frame 87/3443
  ██████░░░░░░░░░░░░░░░░░░░  26%  Streaming frame 93/3443
  ██████░░░░░░░░░░░░░░░░░░░  27%  Streaming frame 98/3443
  ██████░░░░░░░░░░░░░░░░░░░  27%  Streaming frame 103/3443
  ██████░░░░░░░░░░░░░░░░░░░  27%  Streaming frame 108/3443
  ██████░░░░░░░░░░░░░░░░░░░  27%  Streaming frame 114/3443
  ██████░░░░░░░░░░░░░░░░░░░  27%  Streaming frame 119/3443
  ██████░░░░░░░░░░░░░░░░░░░  27%  Streaming frame 124/3443
  ██████░░░░░░░░░░░░░░░░░░░  27%  Streaming frame 129/3443
  ██████░░░░░░░░░░░░░░░░░░░  27%  Streaming frame 134/3443
  ██████░░░░░░░░░░░░░░░░░░░  27%  Streaming frame 140/3443
  ██████░░░░░░░░░░░░░░░░░░░  27%  Streaming frame 145/3443
  ██████░░░░░░░░░░░░░░░░░░░  27%  Streaming frame 149/3443
  ██████░░░░░░░░░░░░░░░░░░░  27%  Streaming frame 154/3443
  ███████░░░░░░░░░░░░░░░░░░  28%  Streaming frame 160/3443
  ███████░░░░░░░░░░░░░░░░░░  28%  Streaming frame 166/3443
  ███████░░░░░░░░░░░░░░░░░░  28%  Streaming frame 171/3443
  ███████░░░░░░░░░░░░░░░░░░  28%  Streaming frame 176/3443
  ███████░░░░░░░░░░░░░░░░░░  28%  Streaming frame 181/3443
  ███████░░░░░░░░░░░░░░░░░░  28%  Streaming frame 186/3443
  ███████░░░░░░░░░░░░░░░░░░  28%  Streaming frame 191/3443
  ███████░░░░░░░░░░░░░░░░░░  28%  Streaming frame 196/3443
  ███████░░░░░░░░░░░░░░░░░░  28%  Streaming frame 201/3443
  ███████░░░░░░░░░░░░░░░░░░  28%  Streaming frame 207/3443
  ███████░░░░░░░░░░░░░░░░░░  28%  Streaming frame 212/3443
  ███████░░░░░░░░░░░░░░░░░░  28%  Streaming frame 217/3443
  ███████░░░░░░░░░░░░░░░░░░  29%  Streaming frame 222/3443
  ███████░░░░░░░░░░░░░░░░░░  29%  Streaming frame 227/3443
  ███████░░░░░░░░░░░░░░░░░░  29%  Streaming frame 233/3443
  ███████░░░░░░░░░░░░░░░░░░  29%  Streaming frame 238/3443
  ███████░░░░░░░░░░░░░░░░░░  29%  Streaming frame 243/3443
  ███████░░░░░░░░░░░░░░░░░░  29%  Streaming frame 249/3443
  ███████░░░░░░░░░░░░░░░░░░  29%  Streaming frame 254/3443
  ███████░░░░░░░░░░░░░░░░░░  29%  Streaming frame 259/3443
  ███████░░░░░░░░░░░░░░░░░░  29%  Streaming frame 265/3443
  ███████░░░░░░░░░░░░░░░░░░  29%  Streaming frame 271/3443
  ███████░░░░░░░░░░░░░░░░░░  29%  Streaming frame 276/3443
  ███████░░░░░░░░░░░░░░░░░░  29%  Streaming frame 281/3443
  ███████░░░░░░░░░░░░░░░░░░  30%  Streaming frame 286/3443
  ███████░░░░░░░░░░░░░░░░░░  30%  Streaming frame 292/3443
  ███████░░░░░░░░░░░░░░░░░░  30%  Streaming frame 297/3443
  ███████░░░░░░░░░░░░░░░░░░  30%  Streaming frame 302/3443
  ███████░░░░░░░░░░░░░░░░░░  30%  Streaming frame 308/3443
  ███████░░░░░░░░░░░░░░░░░░  30%  Streaming frame 313/3443
  ███████░░░░░░░░░░░░░░░░░░  30%  Streaming frame 317/3443
  ███████░░░░░░░░░░░░░░░░░░  30%  Streaming frame 322/3443
  ███████░░░░░░░░░░░░░░░░░░  30%  Streaming frame 328/3443
  ███████░░░░░░░░░░░░░░░░░░  30%  Streaming frame 333/3443
  ███████░░░░░░░░░░░░░░░░░░  30%  Streaming frame 339/3443
  ███████░░░░░░░░░░░░░░░░░░  31%  Streaming frame 345/3443
  ███████░░░░░░░░░░░░░░░░░░  31%  Streaming frame 351/3443
  ███████░░░░░░░░░░░░░░░░░░  31%  Streaming frame 356/3443
  ███████░░░░░░░░░░░░░░░░░░  31%  Streaming frame 362/3443
  ███████░░░░░░░░░░░░░░░░░░  31%  Streaming frame 367/3443
  ███████░░░░░░░░░░░░░░░░░░  31%  Streaming frame 373/3443
  ███████░░░░░░░░░░░░░░░░░░  31%  Streaming frame 378/3443
  ███████░░░░░░░░░░░░░░░░░░  31%  Streaming frame 384/3443
  ███████░░░░░░░░░░░░░░░░░░  31%  Streaming frame 389/3443
  ███████░░░░░░░░░░░░░░░░░░  31%  Streaming frame 395/3443
  ███████░░░░░░░░░░░░░░░░░░  31%  Streaming frame 400/3443
  ███████░░░░░░░░░░░░░░░░░░  31%  Streaming frame 406/3443
  ████████░░░░░░░░░░░░░░░░░  32%  Streaming frame 412/3443
  ████████░░░░░░░░░░░░░░░░░  32%  Streaming frame 417/3443
  ████████░░░░░░░░░░░░░░░░░  32%  Streaming frame 422/3443
  ████████░░░░░░░░░░░░░░░░░  32%  Streaming frame 427/3443
  ████████░░░░░░░░░░░░░░░░░  32%  Streaming frame 430/3443
  ████████░░░░░░░░░░░░░░░░░  32%  Streaming frame 435/3443
  ████████░░░░░░░░░░░░░░░░░  32%  Streaming frame 440/3443
  ████████░░░░░░░░░░░░░░░░░  32%  Streaming frame 445/3443
  ████████░░░░░░░░░░░░░░░░░  32%  Streaming frame 450/3443
  ████████░░░░░░░░░░░░░░░░░  32%  Streaming frame 455/3443
  ████████░░░░░░░░░░░░░░░░░  32%  Streaming frame 460/3443
  ████████░░░░░░░░░░░░░░░░░  32%  Streaming frame 465/3443
  ████████░░░░░░░░░░░░░░░░░  33%  Streaming frame 470/3443
  ████████░░░░░░░░░░░░░░░░░  33%  Streaming frame 475/3443
  ████████░░░░░░░░░░░░░░░░░  33%  Streaming frame 480/3443
  ████████░░░░░░░░░░░░░░░░░  33%  Streaming frame 485/3443
  ████████░░░░░░░░░░░░░░░░░  33%  Streaming frame 490/3443
  ████████░░░░░░░░░░░░░░░░░  33%  Streaming frame 495/3443
  ████████░░░░░░░░░░░░░░░░░  33%  Streaming frame 500/3443
  ████████░░░░░░░░░░░░░░░░░  33%  Streaming frame 505/3443
  ████████░░░░░░░░░░░░░░░░░  33%  Streaming frame 511/3443
  ████████░░░░░░░░░░░░░░░░░  33%  Streaming frame 516/3443
  ████████░░░░░░░░░░░░░░░░░  33%  Streaming frame 521/3443
  ████████░░░░░░░░░░░░░░░░░  33%  Streaming frame 526/3443
  ████████░░░░░░░░░░░░░░░░░  33%  Streaming frame 531/3443
  ████████░░░░░░░░░░░░░░░░░  34%  Streaming frame 536/3443
  ████████░░░░░░░░░░░░░░░░░  34%  Streaming frame 541/3443
  ████████░░░░░░░░░░░░░░░░░  34%  Streaming frame 546/3443
  ████████░░░░░░░░░░░░░░░░░  34%  Streaming frame 551/3443
  ████████░░░░░░░░░░░░░░░░░  34%  Streaming frame 554/3443
[INFO] [Render:trace] {"renderJobId":"9cb127d3-2120-4563-b46d-eae31127d61a","phase":"capture_streaming","status":"checkpoint","elapsedMs":34797,"message":"stage still running","stagePhase":"capturing","workerCount":1,"forceScreenshot":false,"totalFrames":3443,"framesCompleted":556,"captureMode":"drawelement","captureOperation":"drawElement","heartbeatIndex":1,"stageElapsedMs":30002}
  ████████░░░░░░░░░░░░░░░░░  34%  Streaming frame 559/3443
  ████████░░░░░░░░░░░░░░░░░  34%  Streaming frame 564/3443
  ████████░░░░░░░░░░░░░░░░░  34%  Streaming frame 570/3443
  ████████░░░░░░░░░░░░░░░░░  34%  Streaming frame 576/3443
  ████████░░░░░░░░░░░░░░░░░  34%  Streaming frame 581/3443
  ████████░░░░░░░░░░░░░░░░░  34%  Streaming frame 587/3443
  ████████░░░░░░░░░░░░░░░░░  34%  Streaming frame 592/3443
  ████████░░░░░░░░░░░░░░░░░  35%  Streaming frame 597/3443
  ████████░░░░░░░░░░░░░░░░░  35%  Streaming frame 602/3443
  ████████░░░░░░░░░░░░░░░░░  35%  Streaming frame 608/3443
  ████████░░░░░░░░░░░░░░░░░  35%  Streaming frame 613/3443
  ████████░░░░░░░░░░░░░░░░░  35%  Streaming frame 618/3443
  ████████░░░░░░░░░░░░░░░░░  35%  Streaming frame 624/3443
  ████████░░░░░░░░░░░░░░░░░  35%  Streaming frame 630/3443
  ████████░░░░░░░░░░░░░░░░░  35%  Streaming frame 636/3443
  ████████░░░░░░░░░░░░░░░░░  35%  Streaming frame 642/3443
  ████████░░░░░░░░░░░░░░░░░  35%  Streaming frame 647/3443
  ████████░░░░░░░░░░░░░░░░░  35%  Streaming frame 652/3443
  ████████░░░░░░░░░░░░░░░░░  35%  Streaming frame 657/3443
  █████████░░░░░░░░░░░░░░░░  36%  Streaming frame 662/3443
  █████████░░░░░░░░░░░░░░░░  36%  Streaming frame 668/3443
  █████████░░░░░░░░░░░░░░░░  36%  Streaming frame 674/3443
  █████████░░░░░░░░░░░░░░░░  36%  Streaming frame 679/3443
  █████████░░░░░░░░░░░░░░░░  36%  Streaming frame 684/3443
  █████████░░░░░░░░░░░░░░░░  36%  Streaming frame 689/3443
  █████████░░░░░░░░░░░░░░░░  36%  Streaming frame 694/3443
  █████████░░░░░░░░░░░░░░░░  36%  Streaming frame 699/3443
  █████████░░░░░░░░░░░░░░░░  36%  Streaming frame 704/3443
  █████████░░░░░░░░░░░░░░░░  36%  Streaming frame 709/3443
  █████████░░░░░░░░░░░░░░░░  36%  Streaming frame 714/3443
  █████████░░░░░░░░░░░░░░░░  36%  Streaming frame 719/3443
  █████████░░░░░░░░░░░░░░░░  37%  Streaming frame 724/3443
  █████████░░░░░░░░░░░░░░░░  37%  Streaming frame 729/3443
  █████████░░░░░░░░░░░░░░░░  37%  Streaming frame 734/3443
  █████████░░░░░░░░░░░░░░░░  37%  Streaming frame 739/3443
  █████████░░░░░░░░░░░░░░░░  37%  Streaming frame 745/3443
  █████████░░░░░░░░░░░░░░░░  37%  Streaming frame 751/3443
  █████████░░░░░░░░░░░░░░░░  37%  Streaming frame 756/3443
  █████████░░░░░░░░░░░░░░░░  37%  Streaming frame 761/3443
  █████████░░░░░░░░░░░░░░░░  37%  Streaming frame 767/3443
  █████████░░░░░░░░░░░░░░░░  37%  Streaming frame 773/3443
  █████████░░░░░░░░░░░░░░░░  37%  Streaming frame 779/3443
  █████████░░░░░░░░░░░░░░░░  38%  Streaming frame 784/3443
  █████████░░░░░░░░░░░░░░░░  38%  Streaming frame 789/3443
  █████████░░░░░░░░░░░░░░░░  38%  Streaming frame 794/3443
  █████████░░░░░░░░░░░░░░░░  38%  Streaming frame 799/3443
  █████████░░░░░░░░░░░░░░░░  38%  Streaming frame 805/3443
  █████████░░░░░░░░░░░░░░░░  38%  Streaming frame 810/3443
  █████████░░░░░░░░░░░░░░░░  38%  Streaming frame 815/3443
  █████████░░░░░░░░░░░░░░░░  38%  Streaming frame 820/3443
  █████████░░░░░░░░░░░░░░░░  38%  Streaming frame 826/3443
  █████████░░░░░░░░░░░░░░░░  38%  Streaming frame 831/3443
  █████████░░░░░░░░░░░░░░░░  38%  Streaming frame 836/3443
  █████████░░░░░░░░░░░░░░░░  38%  Streaming frame 841/3443
  █████████░░░░░░░░░░░░░░░░  39%  Streaming frame 846/3443
  █████████░░░░░░░░░░░░░░░░  39%  Streaming frame 851/3443
  █████████░░░░░░░░░░░░░░░░  39%  Streaming frame 857/3443
  █████████░░░░░░░░░░░░░░░░  39%  Streaming frame 863/3443
  █████████░░░░░░░░░░░░░░░░  39%  Streaming frame 869/3443
  █████████░░░░░░░░░░░░░░░░  39%  Streaming frame 875/3443
  █████████░░░░░░░░░░░░░░░░  39%  Streaming frame 881/3443
  █████████░░░░░░░░░░░░░░░░  39%  Streaming frame 886/3443
  █████████░░░░░░░░░░░░░░░░  39%  Streaming frame 892/3443
  █████████░░░░░░░░░░░░░░░░  39%  Streaming frame 898/3443
  █████████░░░░░░░░░░░░░░░░  39%  Streaming frame 903/3443
  ██████████░░░░░░░░░░░░░░░  40%  Streaming frame 908/3443
  ██████████░░░░░░░░░░░░░░░  40%  Streaming frame 913/3443
  ██████████░░░░░░░░░░░░░░░  40%  Streaming frame 919/3443
  ██████████░░░░░░░░░░░░░░░  40%  Streaming frame 925/3443
  ██████████░░░░░░░░░░░░░░░  40%  Streaming frame 931/3443
  ██████████░░░░░░░░░░░░░░░  40%  Streaming frame 937/3443
  ██████████░░░░░░░░░░░░░░░  40%  Streaming frame 942/3443
  ██████████░░░░░░░░░░░░░░░  40%  Streaming frame 947/3443
  ██████████░░░░░░░░░░░░░░░  40%  Streaming frame 952/3443
  ██████████░░░░░░░░░░░░░░░  40%  Streaming frame 957/3443
  ██████████░░░░░░░░░░░░░░░  40%  Streaming frame 962/3443
  ██████████░░░░░░░░░░░░░░░  40%  Streaming frame 967/3443
  ██████████░░░░░░░░░░░░░░░  41%  Streaming frame 973/3443
  ██████████░░░░░░░░░░░░░░░  41%  Streaming frame 978/3443
  ██████████░░░░░░░░░░░░░░░  41%  Streaming frame 983/3443
  ██████████░░░░░░░░░░░░░░░  41%  Streaming frame 989/3443
  ██████████░░░░░░░░░░░░░░░  41%  Streaming frame 994/3443
  ██████████░░░░░░░░░░░░░░░  41%  Streaming frame 1000/3443
  ██████████░░░░░░░░░░░░░░░  41%  Streaming frame 1005/3443
  ██████████░░░░░░░░░░░░░░░  41%  Streaming frame 1010/3443
  ██████████░░░░░░░░░░░░░░░  41%  Streaming frame 1015/3443
  ██████████░░░░░░░░░░░░░░░  41%  Streaming frame 1020/3443
  ██████████░░░░░░░░░░░░░░░  41%  Streaming frame 1026/3443
  ██████████░░░░░░░░░░░░░░░  41%  Streaming frame 1030/3443
  ██████████░░░░░░░░░░░░░░░  42%  Streaming frame 1036/3443
  ██████████░░░░░░░░░░░░░░░  42%  Streaming frame 1042/3443
  ██████████░░░░░░░░░░░░░░░  42%  Streaming frame 1048/3443
  ██████████░░░░░░░░░░░░░░░  42%  Streaming frame 1053/3443
  ██████████░░░░░░░░░░░░░░░  42%  Streaming frame 1059/3443
  ██████████░░░░░░░░░░░░░░░  42%  Streaming frame 1064/3443
  ██████████░░░░░░░░░░░░░░░  42%  Streaming frame 1069/3443
  ██████████░░░░░░░░░░░░░░░  42%  Streaming frame 1075/3443
  ██████████░░░░░░░░░░░░░░░  42%  Streaming frame 1080/3443
  ██████████░░░░░░░░░░░░░░░  42%  Streaming frame 1086/3443
  ██████████░░░░░░░░░░░░░░░  42%  Streaming frame 1092/3443
  ██████████░░░░░░░░░░░░░░░  43%  Streaming frame 1098/3443
  ██████████░░░░░░░░░░░░░░░  43%  Streaming frame 1104/3443
  ██████████░░░░░░░░░░░░░░░  43%  Streaming frame 1109/3443
  ██████████░░░░░░░░░░░░░░░  43%  Streaming frame 1114/3443
  ██████████░░░░░░░░░░░░░░░  43%  Streaming frame 1119/3443
  ██████████░░░░░░░░░░░░░░░  43%  Streaming frame 1124/3443
  ██████████░░░░░░░░░░░░░░░  43%  Streaming frame 1130/3443
  ██████████░░░░░░░░░░░░░░░  43%  Streaming frame 1136/3443
  ██████████░░░░░░░░░░░░░░░  43%  Streaming frame 1141/3443
  ██████████░░░░░░░░░░░░░░░  43%  Streaming frame 1146/3443
  ██████████░░░░░░░░░░░░░░░  43%  Streaming frame 1151/3443
  ██████████░░░░░░░░░░░░░░░  43%  Streaming frame 1157/3443
[INFO] [Render:trace] {"renderJobId":"9cb127d3-2120-4563-b46d-eae31127d61a","phase":"capture_streaming","status":"checkpoint","elapsedMs":64800,"message":"stage still running","stagePhase":"capturing","workerCount":1,"forceScreenshot":false,"totalFrames":3443,"framesCompleted":1159,"captureMode":"drawelement","captureOperation":"drawElement","heartbeatIndex":2,"stageElapsedMs":60005}
  ███████████░░░░░░░░░░░░░░  44%  Streaming frame 1163/3443
  ███████████░░░░░░░░░░░░░░  44%  Streaming frame 1168/3443
  ███████████░░░░░░░░░░░░░░  44%  Streaming frame 1173/3443
  ███████████░░░░░░░░░░░░░░  44%  Streaming frame 1178/3443
  ███████████░░░░░░░░░░░░░░  44%  Streaming frame 1183/3443
  ███████████░░░░░░░░░░░░░░  44%  Streaming frame 1188/3443
  ███████████░░░░░░░░░░░░░░  44%  Streaming frame 1193/3443
  ███████████░░░░░░░░░░░░░░  44%  Streaming frame 1198/3443
  ███████████░░░░░░░░░░░░░░  44%  Streaming frame 1203/3443
  ███████████░░░░░░░░░░░░░░  44%  Streaming frame 1208/3443
  ███████████░░░░░░░░░░░░░░  44%  Streaming frame 1213/3443
  ███████████░░░░░░░░░░░░░░  44%  Streaming frame 1219/3443
  ███████████░░░░░░░░░░░░░░  45%  Streaming frame 1224/3443
  ███████████░░░░░░░░░░░░░░  45%  Streaming frame 1229/3443
  ███████████░░░░░░░░░░░░░░  45%  Streaming frame 1234/3443
  ███████████░░░░░░░░░░░░░░  45%  Streaming frame 1240/3443
  ███████████░░░░░░░░░░░░░░  45%  Streaming frame 1246/3443
  ███████████░░░░░░░░░░░░░░  45%  Streaming frame 1251/3443
  ███████████░░░░░░░░░░░░░░  45%  Streaming frame 1257/3443
  ███████████░░░░░░░░░░░░░░  45%  Streaming frame 1262/3443
  ███████████░░░░░░░░░░░░░░  45%  Streaming frame 1267/3443
  ███████████░░░░░░░░░░░░░░  45%  Streaming frame 1272/3443
  ███████████░░░░░░░░░░░░░░  45%  Streaming frame 1277/3443
  ███████████░░░░░░░░░░░░░░  45%  Streaming frame 1282/3443
  ███████████░░░░░░░░░░░░░░  46%  Streaming frame 1287/3443
  ███████████░░░░░░░░░░░░░░  46%  Streaming frame 1293/3443
  ███████████░░░░░░░░░░░░░░  46%  Streaming frame 1298/3443
  ███████████░░░░░░░░░░░░░░  46%  Streaming frame 1303/3443
  ███████████░░░░░░░░░░░░░░  46%  Streaming frame 1308/3443
  ███████████░░░░░░░░░░░░░░  46%  Streaming frame 1313/3443
  ███████████░░░░░░░░░░░░░░  46%  Streaming frame 1319/3443
  ███████████░░░░░░░░░░░░░░  46%  Streaming frame 1323/3443
  ███████████░░░░░░░░░░░░░░  46%  Streaming frame 1324/3443
  ███████████░░░░░░░░░░░░░░  46%  Streaming frame 1330/3443
  ███████████░░░░░░░░░░░░░░  46%  Streaming frame 1336/3443
  ███████████░░░░░░░░░░░░░░  46%  Streaming frame 1341/3443
  ███████████░░░░░░░░░░░░░░  47%  Streaming frame 1346/3443
  ███████████░░░░░░░░░░░░░░  47%  Streaming frame 1350/3443
  ███████████░░░░░░░░░░░░░░  47%  Streaming frame 1354/3443
  ███████████░░░░░░░░░░░░░░  47%  Streaming frame 1359/3443
  ███████████░░░░░░░░░░░░░░  47%  Streaming frame 1364/3443
  ███████████░░░░░░░░░░░░░░  47%  Streaming frame 1370/3443
  ███████████░░░░░░░░░░░░░░  47%  Streaming frame 1376/3443
  ███████████░░░░░░░░░░░░░░  47%  Streaming frame 1382/3443
  ███████████░░░░░░░░░░░░░░  47%  Streaming frame 1388/3443
  ███████████░░░░░░░░░░░░░░  47%  Streaming frame 1394/3443
  ███████████░░░░░░░░░░░░░░  47%  Streaming frame 1399/3443
  ███████████░░░░░░░░░░░░░░  47%  Streaming frame 1405/3443
  ████████████░░░░░░░░░░░░░  48%  Streaming frame 1410/3443
  ████████████░░░░░░░░░░░░░  48%  Streaming frame 1415/3443
  ████████████░░░░░░░░░░░░░  48%  Streaming frame 1419/3443
  ████████████░░░░░░░░░░░░░  48%  Streaming frame 1424/3443
  ████████████░░░░░░░░░░░░░  48%  Streaming frame 1430/3443
  ████████████░░░░░░░░░░░░░  48%  Streaming frame 1433/3443
  ████████████░░░░░░░░░░░░░  48%  Streaming frame 1434/3443
  ████████████░░░░░░░░░░░░░  48%  Streaming frame 1435/3443
  ████████████░░░░░░░░░░░░░  48%  Streaming frame 1437/3443
  ████████████░░░░░░░░░░░░░  48%  Streaming frame 1439/3443
  ████████████░░░░░░░░░░░░░  48%  Streaming frame 1442/3443
  ████████████░░░░░░░░░░░░░  48%  Streaming frame 1445/3443
  ████████████░░░░░░░░░░░░░  48%  Streaming frame 1450/3443
  ████████████░░░░░░░░░░░░░  48%  Streaming frame 1454/3443
  ████████████░░░░░░░░░░░░░  48%  Streaming frame 1459/3443
  ████████████░░░░░░░░░░░░░  48%  Streaming frame 1465/3443
  ████████████░░░░░░░░░░░░░  48%  Streaming frame 1470/3443
  ████████████░░░░░░░░░░░░░  49%  Streaming frame 1475/3443
  ████████████░░░░░░░░░░░░░  49%  Streaming frame 1480/3443
  ████████████░░░░░░░░░░░░░  49%  Streaming frame 1485/3443
  ████████████░░░░░░░░░░░░░  49%  Streaming frame 1490/3443
  ████████████░░░░░░░░░░░░░  49%  Streaming frame 1496/3443
  ████████████░░░░░░░░░░░░░  49%  Streaming frame 1501/3443
  ████████████░░░░░░░░░░░░░  49%  Streaming frame 1507/3443
  ████████████░░░░░░░░░░░░░  49%  Streaming frame 1513/3443
  ████████████░░░░░░░░░░░░░  49%  Streaming frame 1518/3443
  ████████████░░░░░░░░░░░░░  49%  Streaming frame 1523/3443
  ████████████░░░░░░░░░░░░░  49%  Streaming frame 1528/3443
  ████████████░░░░░░░░░░░░░  49%  Streaming frame 1533/3443
  ████████████░░░░░░░░░░░░░  50%  Streaming frame 1539/3443
  ████████████░░░░░░░░░░░░░  50%  Streaming frame 1544/3443
  ████████████░░░░░░░░░░░░░  50%  Streaming frame 1549/3443
  ████████████░░░░░░░░░░░░░  50%  Streaming frame 1554/3443
  ████████████░░░░░░░░░░░░░  50%  Streaming frame 1558/3443
  ████████████░░░░░░░░░░░░░  50%  Streaming frame 1564/3443
  ████████████░░░░░░░░░░░░░  50%  Streaming frame 1569/3443
  ████████████░░░░░░░░░░░░░  50%  Streaming frame 1574/3443
  ████████████░░░░░░░░░░░░░  50%  Streaming frame 1579/3443
  ████████████░░░░░░░░░░░░░  50%  Streaming frame 1585/3443
  ████████████░░░░░░░░░░░░░  50%  Streaming frame 1591/3443
  ████████████░░░░░░░░░░░░░  50%  Streaming frame 1596/3443
  ████████████░░░░░░░░░░░░░  51%  Streaming frame 1601/3443
  ████████████░░░░░░░░░░░░░  51%  Streaming frame 1606/3443
  ████████████░░░░░░░░░░░░░  51%  Streaming frame 1612/3443
  ████████████░░░░░░░░░░░░░  51%  Streaming frame 1617/3443
  ████████████░░░░░░░░░░░░░  51%  Streaming frame 1621/3443
  ████████████░░░░░░░░░░░░░  51%  Streaming frame 1624/3443
  ████████████░░░░░░░░░░░░░  51%  Streaming frame 1629/3443
  ████████████░░░░░░░░░░░░░  51%  Streaming frame 1635/3443
  ████████████░░░░░░░░░░░░░  51%  Streaming frame 1640/3443
  ████████████░░░░░░░░░░░░░  51%  Streaming frame 1645/3443
  ████████████░░░░░░░░░░░░░  51%  Streaming frame 1650/3443
  ████████████░░░░░░░░░░░░░  51%  Streaming frame 1655/3443
  █████████████░░░░░░░░░░░░  52%  Streaming frame 1660/3443
  █████████████░░░░░░░░░░░░  52%  Streaming frame 1665/3443
  █████████████░░░░░░░░░░░░  52%  Streaming frame 1670/3443
  █████████████░░░░░░░░░░░░  52%  Streaming frame 1675/3443
  █████████████░░░░░░░░░░░░  52%  Streaming frame 1681/3443
  █████████████░░░░░░░░░░░░  52%  Streaming frame 1686/3443
  █████████████░░░░░░░░░░░░  52%  Streaming frame 1691/3443
  █████████████░░░░░░░░░░░░  52%  Streaming frame 1695/3443
  █████████████░░░░░░░░░░░░  52%  Streaming frame 1700/3443
  █████████████░░░░░░░░░░░░  52%  Streaming frame 1705/3443
  █████████████░░░░░░░░░░░░  52%  Streaming frame 1710/3443
  █████████████░░░░░░░░░░░░  52%  Streaming frame 1716/3443
  █████████████░░░░░░░░░░░░  52%  Streaming frame 1721/3443
  █████████████░░░░░░░░░░░░  53%  Streaming frame 1727/3443
  █████████████░░░░░░░░░░░░  53%  Streaming frame 1733/3443
  █████████████░░░░░░░░░░░░  53%  Streaming frame 1739/3443
  █████████████░░░░░░░░░░░░  53%  Streaming frame 1745/3443
  █████████████░░░░░░░░░░░░  53%  Streaming frame 1751/3443
  █████████████░░░░░░░░░░░░  53%  Streaming frame 1756/3443
  █████████████░░░░░░░░░░░░  53%  Streaming frame 1761/3443
  █████████████░░░░░░░░░░░░  53%  Streaming frame 1766/3443
  █████████████░░░░░░░░░░░░  53%  Streaming frame 1772/3443
  █████████████░░░░░░░░░░░░  53%  Streaming frame 1777/3443
  █████████████░░░░░░░░░░░░  53%  Streaming frame 1782/3443
  █████████████░░░░░░░░░░░░  54%  Streaming frame 1787/3443
  █████████████░░░░░░░░░░░░  54%  Streaming frame 1791/3443
  █████████████░░░░░░░░░░░░  54%  Streaming frame 1796/3443
  █████████████░░░░░░░░░░░░  54%  Streaming frame 1802/3443
  █████████████░░░░░░░░░░░░  54%  Streaming frame 1807/3443
  █████████████░░░░░░░░░░░░  54%  Streaming frame 1813/3443
  █████████████░░░░░░░░░░░░  54%  Streaming frame 1818/3443
  █████████████░░░░░░░░░░░░  54%  Streaming frame 1824/3443
  █████████████░░░░░░░░░░░░  54%  Streaming frame 1829/3443
  █████████████░░░░░░░░░░░░  54%  Streaming frame 1834/3443
  █████████████░░░░░░░░░░░░  54%  Streaming frame 1839/3443
  █████████████░░░░░░░░░░░░  54%  Streaming frame 1843/3443
  █████████████░░░░░░░░░░░░  54%  Streaming frame 1845/3443
  █████████████░░░░░░░░░░░░  55%  Streaming frame 1850/3443
  █████████████░░░░░░░░░░░░  55%  Streaming frame 1856/3443
  █████████████░░░░░░░░░░░░  55%  Streaming frame 1862/3443
  █████████████░░░░░░░░░░░░  55%  Streaming frame 1867/3443
  █████████████░░░░░░░░░░░░  55%  Streaming frame 1873/3443
  █████████████░░░░░░░░░░░░  55%  Streaming frame 1878/3443
  █████████████░░░░░░░░░░░░  55%  Streaming frame 1882/3443
  █████████████░░░░░░░░░░░░  55%  Streaming frame 1888/3443
  █████████████░░░░░░░░░░░░  55%  Streaming frame 1893/3443
  █████████████░░░░░░░░░░░░  55%  Streaming frame 1898/3443
  █████████████░░░░░░░░░░░░  55%  Streaming frame 1903/3443
  █████████████░░░░░░░░░░░░  55%  Streaming frame 1909/3443
  ██████████████░░░░░░░░░░░  56%  Streaming frame 1914/3443
  ██████████████░░░░░░░░░░░  56%  Streaming frame 1919/3443
  ██████████████░░░░░░░░░░░  56%  Streaming frame 1924/3443
  ██████████████░░░░░░░░░░░  56%  Streaming frame 1930/3443
  ██████████████░░░░░░░░░░░  56%  Streaming frame 1936/3443
  ██████████████░░░░░░░░░░░  56%  Streaming frame 1942/3443
  ██████████████░░░░░░░░░░░  56%  Streaming frame 1948/3443
  ██████████████░░░░░░░░░░░  56%  Streaming frame 1953/3443
  ██████████████░░░░░░░░░░░  56%  Streaming frame 1958/3443
  ██████████████░░░░░░░░░░░  56%  Streaming frame 1964/3443
  ██████████████░░░░░░░░░░░  56%  Streaming frame 1970/3443
  ██████████████░░░░░░░░░░░  57%  Streaming frame 1975/3443
  ██████████████░░░░░░░░░░░  57%  Streaming frame 1980/3443
  ██████████████░░░░░░░░░░░  57%  Streaming frame 1986/3443
  ██████████████░░░░░░░░░░░  57%  Streaming frame 1992/3443
  ██████████████░░░░░░░░░░░  57%  Streaming frame 1998/3443
  ██████████████░░░░░░░░░░░  57%  Streaming frame 2004/3443
  ██████████████░░░░░░░░░░░  57%  Streaming frame 2010/3443
  ██████████████░░░░░░░░░░░  57%  Streaming frame 2016/3443
  ██████████████░░░░░░░░░░░  57%  Streaming frame 2021/3443
  ██████████████░░░░░░░░░░░  57%  Streaming frame 2026/3443
  ██████████████░░░░░░░░░░░  57%  Streaming frame 2032/3443
  ██████████████░░░░░░░░░░░  58%  Streaming frame 2038/3443
  ██████████████░░░░░░░░░░░  58%  Streaming frame 2044/3443
  ██████████████░░░░░░░░░░░  58%  Streaming frame 2049/3443
  ██████████████░░░░░░░░░░░  58%  Streaming frame 2055/3443
  ██████████████░░░░░░░░░░░  58%  Streaming frame 2060/3443
  ██████████████░░░░░░░░░░░  58%  Streaming frame 2065/3443
  ██████████████░░░░░░░░░░░  58%  Streaming frame 2071/3443
  ██████████████░░░░░░░░░░░  58%  Streaming frame 2075/3443
  ██████████████░░░░░░░░░░░  58%  Streaming frame 2080/3443
  ██████████████░░░░░░░░░░░  58%  Streaming frame 2085/3443
  ██████████████░░░░░░░░░░░  58%  Streaming frame 2091/3443
  ██████████████░░░░░░░░░░░  58%  Streaming frame 2097/3443
  ██████████████░░░░░░░░░░░  59%  Streaming frame 2103/3443
  ██████████████░░░░░░░░░░░  59%  Streaming frame 2108/3443
  ██████████████░░░░░░░░░░░  59%  Streaming frame 2113/3443
  ██████████████░░░░░░░░░░░  59%  Streaming frame 2118/3443
  ██████████████░░░░░░░░░░░  59%  Streaming frame 2124/3443
  ██████████████░░░░░░░░░░░  59%  Streaming frame 2129/3443
  ██████████████░░░░░░░░░░░  59%  Streaming frame 2134/3443
  ██████████████░░░░░░░░░░░  59%  Streaming frame 2139/3443
  ██████████████░░░░░░░░░░░  59%  Streaming frame 2145/3443
  ██████████████░░░░░░░░░░░  59%  Streaming frame 2150/3443
  ██████████████░░░░░░░░░░░  59%  Streaming frame 2155/3443
  ███████████████░░░░░░░░░░  60%  Streaming frame 2160/3443
  ███████████████░░░░░░░░░░  60%  Streaming frame 2165/3443
  ███████████████░░░░░░░░░░  60%  Streaming frame 2170/3443
  ███████████████░░░░░░░░░░  60%  Streaming frame 2174/3443
  ███████████████░░░░░░░░░░  60%  Streaming frame 2179/3443
  ███████████████░░░░░░░░░░  60%  Streaming frame 2184/3443
  ███████████████░░░░░░░░░░  60%  Streaming frame 2190/3443
  ███████████████░░░░░░░░░░  60%  Streaming frame 2196/3443
  ███████████████░░░░░░░░░░  60%  Streaming frame 2201/3443
  ███████████████░░░░░░░░░░  60%  Streaming frame 2207/3443
  ███████████████░░░░░░░░░░  60%  Streaming frame 2212/3443
  ███████████████░░░░░░░░░░  60%  Streaming frame 2217/3443
  ███████████████░░░░░░░░░░  61%  Streaming frame 2223/3443
  ███████████████░░░░░░░░░░  61%  Streaming frame 2228/3443
  ███████████████░░░░░░░░░░  61%  Streaming frame 2233/3443
  ███████████████░░░░░░░░░░  61%  Streaming frame 2239/3443
  ███████████████░░░░░░░░░░  61%  Streaming frame 2245/3443
  ███████████████░░░░░░░░░░  61%  Streaming frame 2251/3443
  ███████████████░░░░░░░░░░  61%  Streaming frame 2256/3443
  ███████████████░░░░░░░░░░  61%  Streaming frame 2261/3443
[INFO] [Render:trace] {"renderJobId":"9cb127d3-2120-4563-b46d-eae31127d61a","phase":"capture_streaming","status":"checkpoint","elapsedMs":124802,"message":"stage still running","stagePhase":"capturing","workerCount":1,"forceScreenshot":false,"totalFrames":3443,"framesCompleted":2265,"captureMode":"drawelement","captureOperation":"drawElement","heartbeatIndex":3,"stageElapsedMs":120007}
  ███████████████░░░░░░░░░░  61%  Streaming frame 2266/3443
  ███████████████░░░░░░░░░░  61%  Streaming frame 2271/3443
  ███████████████░░░░░░░░░░  61%  Streaming frame 2276/3443
  ███████████████░░░░░░░░░░  61%  Streaming frame 2281/3443
  ███████████████░░░░░░░░░░  62%  Streaming frame 2286/3443
  ███████████████░░░░░░░░░░  62%  Streaming frame 2291/3443
  ███████████████░░░░░░░░░░  62%  Streaming frame 2296/3443
  ███████████████░░░░░░░░░░  62%  Streaming frame 2301/3443
  ███████████████░░░░░░░░░░  62%  Streaming frame 2307/3443
  ███████████████░░░░░░░░░░  62%  Streaming frame 2312/3443
  ███████████████░░░░░░░░░░  62%  Streaming frame 2317/3443
  ███████████████░░░░░░░░░░  62%  Streaming frame 2322/3443
  ███████████████░░░░░░░░░░  62%  Streaming frame 2327/3443
  ███████████████░░░░░░░░░░  62%  Streaming frame 2333/3443
  ███████████████░░░░░░░░░░  62%  Streaming frame 2339/3443
  ███████████████░░░░░░░░░░  62%  Streaming frame 2344/3443
  ███████████████░░░░░░░░░░  63%  Streaming frame 2349/3443
  ███████████████░░░░░░░░░░  63%  Streaming frame 2354/3443
  ███████████████░░░░░░░░░░  63%  Streaming frame 2359/3443
  ███████████████░░░░░░░░░░  63%  Streaming frame 2365/3443
  ███████████████░░░░░░░░░░  63%  Streaming frame 2370/3443
  ███████████████░░░░░░░░░░  63%  Streaming frame 2375/3443
  ███████████████░░░░░░░░░░  63%  Streaming frame 2380/3443
  ███████████████░░░░░░░░░░  63%  Streaming frame 2385/3443
  ███████████████░░░░░░░░░░  63%  Streaming frame 2390/3443
  ███████████████░░░░░░░░░░  63%  Streaming frame 2395/3443
  ███████████████░░░░░░░░░░  63%  Streaming frame 2400/3443
  ███████████████░░░░░░░░░░  63%  Streaming frame 2406/3443
  ████████████████░░░░░░░░░  64%  Streaming frame 2412/3443
  ████████████████░░░░░░░░░  64%  Streaming frame 2417/3443
  ████████████████░░░░░░░░░  64%  Streaming frame 2422/3443
  ████████████████░░░░░░░░░  64%  Streaming frame 2427/3443
  ████████████████░░░░░░░░░  64%  Streaming frame 2432/3443
  ████████████████░░░░░░░░░  64%  Streaming frame 2438/3443
  ████████████████░░░░░░░░░  64%  Streaming frame 2443/3443
  ████████████████░░░░░░░░░  64%  Streaming frame 2448/3443
  ████████████████░░░░░░░░░  64%  Streaming frame 2454/3443
  ████████████████░░░░░░░░░  64%  Streaming frame 2459/3443
  ████████████████░░░░░░░░░  64%  Streaming frame 2465/3443
  ████████████████░░░░░░░░░  64%  Streaming frame 2471/3443
  ████████████████░░░░░░░░░  65%  Streaming frame 2477/3443
  ████████████████░░░░░░░░░  65%  Streaming frame 2482/3443
  ████████████████░░░░░░░░░  65%  Streaming frame 2487/3443
  ████████████████░░░░░░░░░  65%  Streaming frame 2493/3443
  ████████████████░░░░░░░░░  65%  Streaming frame 2499/3443
  ████████████████░░░░░░░░░  65%  Streaming frame 2504/3443
  ████████████████░░░░░░░░░  65%  Streaming frame 2509/3443
  ████████████████░░░░░░░░░  65%  Streaming frame 2514/3443
  ████████████████░░░░░░░░░  65%  Streaming frame 2520/3443
  ████████████████░░░░░░░░░  65%  Streaming frame 2525/3443
  ████████████████░░░░░░░░░  65%  Streaming frame 2530/3443
  ████████████████░░░░░░░░░  65%  Streaming frame 2535/3443
  ████████████████░░░░░░░░░  66%  Streaming frame 2540/3443
  ████████████████░░░░░░░░░  66%  Streaming frame 2545/3443
  ████████████████░░░░░░░░░  66%  Streaming frame 2551/3443
  ████████████████░░░░░░░░░  66%  Streaming frame 2557/3443
  ████████████████░░░░░░░░░  66%  Streaming frame 2562/3443
  ████████████████░░░░░░░░░  66%  Streaming frame 2567/3443
  ████████████████░░░░░░░░░  66%  Streaming frame 2572/3443
  ████████████████░░░░░░░░░  66%  Streaming frame 2577/3443
  ████████████████░░░░░░░░░  66%  Streaming frame 2582/3443
  ████████████████░░░░░░░░░  66%  Streaming frame 2587/3443
  ████████████████░░░░░░░░░  66%  Streaming frame 2593/3443
  ████████████████░░░░░░░░░  67%  Streaming frame 2599/3443
  ████████████████░░░░░░░░░  67%  Streaming frame 2604/3443
  ████████████████░░░░░░░░░  67%  Streaming frame 2609/3443
  ████████████████░░░░░░░░░  67%  Streaming frame 2615/3443
  ████████████████░░░░░░░░░  67%  Streaming frame 2620/3443
  ████████████████░░░░░░░░░  67%  Streaming frame 2626/3443
  ████████████████░░░░░░░░░  67%  Streaming frame 2632/3443
  ████████████████░░░░░░░░░  67%  Streaming frame 2637/3443
  ████████████████░░░░░░░░░  67%  Streaming frame 2642/3443
  ████████████████░░░░░░░░░  67%  Streaming frame 2647/3443
  ████████████████░░░░░░░░░  67%  Streaming frame 2653/3443
  ████████████████░░░░░░░░░  67%  Streaming frame 2658/3443
  █████████████████░░░░░░░░  68%  Streaming frame 2664/3443
  █████████████████░░░░░░░░  68%  Streaming frame 2669/3443
  █████████████████░░░░░░░░  68%  Streaming frame 2674/3443
  █████████████████░░░░░░░░  68%  Streaming frame 2680/3443
  █████████████████░░░░░░░░  68%  Streaming frame 2685/3443
  █████████████████░░░░░░░░  68%  Streaming frame 2691/3443
  █████████████████░░░░░░░░  68%  Streaming frame 2696/3443
  █████████████████░░░░░░░░  68%  Streaming frame 2701/3443
  █████████████████░░░░░░░░  68%  Streaming frame 2706/3443
  █████████████████░░░░░░░░  68%  Streaming frame 2712/3443
  █████████████████░░░░░░░░  68%  Streaming frame 2718/3443
  █████████████████░░░░░░░░  69%  Streaming frame 2724/3443
  █████████████████░░░░░░░░  69%  Streaming frame 2730/3443
  █████████████████░░░░░░░░  69%  Streaming frame 2733/3443
  █████████████████░░░░░░░░  69%  Streaming frame 2738/3443
  █████████████████░░░░░░░░  69%  Streaming frame 2743/3443
  █████████████████░░░░░░░░  69%  Streaming frame 2748/3443
  █████████████████░░░░░░░░  69%  Streaming frame 2753/3443
  █████████████████░░░░░░░░  69%  Streaming frame 2758/3443
  █████████████████░░░░░░░░  69%  Streaming frame 2763/3443
  █████████████████░░░░░░░░  69%  Streaming frame 2768/3443
  █████████████████░░░░░░░░  69%  Streaming frame 2773/3443
  █████████████████░░░░░░░░  69%  Streaming frame 2778/3443
  █████████████████░░░░░░░░  69%  Streaming frame 2784/3443
  █████████████████░░░░░░░░  70%  Streaming frame 2790/3443
  █████████████████░░░░░░░░  70%  Streaming frame 2796/3443
  █████████████████░░░░░░░░  70%  Streaming frame 2801/3443
  █████████████████░░░░░░░░  70%  Streaming frame 2806/3443
  █████████████████░░░░░░░░  70%  Streaming frame 2811/3443
  █████████████████░░░░░░░░  70%  Streaming frame 2817/3443
  █████████████████░░░░░░░░  70%  Streaming frame 2823/3443
  █████████████████░░░░░░░░  70%  Streaming frame 2828/3443
  █████████████████░░░░░░░░  70%  Streaming frame 2833/3443
  █████████████████░░░░░░░░  70%  Streaming frame 2838/3443
  █████████████████░░░░░░░░  70%  Streaming frame 2844/3443
  █████████████████░░░░░░░░  71%  Streaming frame 2850/3443
  █████████████████░░░░░░░░  71%  Streaming frame 2856/3443
  █████████████████░░░░░░░░  71%  Streaming frame 2859/3443
  █████████████████░░░░░░░░  71%  Streaming frame 2863/3443
  █████████████████░░░░░░░░  71%  Streaming frame 2868/3443
  █████████████████░░░░░░░░  71%  Streaming frame 2874/3443
  █████████████████░░░░░░░░  71%  Streaming frame 2880/3443
  █████████████████░░░░░░░░  71%  Streaming frame 2885/3443
  █████████████████░░░░░░░░  71%  Streaming frame 2890/3443
  █████████████████░░░░░░░░  71%  Streaming frame 2895/3443
  █████████████████░░░░░░░░  71%  Streaming frame 2900/3443
  █████████████████░░░░░░░░  71%  Streaming frame 2905/3443
  █████████████████░░░░░░░░  71%  Streaming frame 2910/3443
  ██████████████████░░░░░░░  72%  Streaming frame 2916/3443
  ██████████████████░░░░░░░  72%  Streaming frame 2921/3443
  ██████████████████░░░░░░░  72%  Streaming frame 2926/3443
  ██████████████████░░░░░░░  72%  Streaming frame 2931/3443
  ██████████████████░░░░░░░  72%  Streaming frame 2936/3443
  ██████████████████░░░░░░░  72%  Streaming frame 2941/3443
  ██████████████████░░░░░░░  72%  Streaming frame 2947/3443
  ██████████████████░░░░░░░  72%  Streaming frame 2953/3443
  ██████████████████░░░░░░░  72%  Streaming frame 2958/3443
  ██████████████████░░░░░░░  72%  Streaming frame 2963/3443
  ██████████████████░░░░░░░  72%  Streaming frame 2968/3443
  ██████████████████░░░░░░░  72%  Streaming frame 2973/3443
  ██████████████████░░░░░░░  73%  Streaming frame 2979/3443
  ██████████████████░░░░░░░  73%  Streaming frame 2984/3443
  ██████████████████░░░░░░░  73%  Streaming frame 2990/3443
  ██████████████████░░░░░░░  73%  Streaming frame 2995/3443
  ██████████████████░░░░░░░  73%  Streaming frame 3001/3443
  ██████████████████░░░░░░░  73%  Streaming frame 3006/3443
  ██████████████████░░░░░░░  73%  Streaming frame 3011/3443
  ██████████████████░░░░░░░  73%  Streaming frame 3016/3443
  ██████████████████░░░░░░░  73%  Streaming frame 3021/3443
  ██████████████████░░░░░░░  73%  Streaming frame 3023/3443
  ██████████████████░░░░░░░  73%  Streaming frame 3029/3443
  ██████████████████░░░░░░░  73%  Streaming frame 3034/3443
  ██████████████████░░░░░░░  74%  Streaming frame 3039/3443
  ██████████████████░░░░░░░  74%  Streaming frame 3045/3443
  ██████████████████░░░░░░░  74%  Streaming frame 3050/3443
  ██████████████████░░░░░░░  74%  Streaming frame 3055/3443
  ██████████████████░░░░░░░  74%  Streaming frame 3060/3443
  ██████████████████░░░░░░░  74%  Streaming frame 3065/3443
  ██████████████████░░░░░░░  74%  Streaming frame 3070/3443
  ██████████████████░░░░░░░  74%  Streaming frame 3075/3443
  ██████████████████░░░░░░░  74%  Streaming frame 3080/3443
  ██████████████████░░░░░░░  74%  Streaming frame 3085/3443
  ██████████████████░░░░░░░  74%  Streaming frame 3090/3443
  ██████████████████░░░░░░░  74%  Streaming frame 3096/3443
  ██████████████████░░░░░░░  75%  Streaming frame 3102/3443
  ██████████████████░░░░░░░  75%  Streaming frame 3108/3443
  ██████████████████░░░░░░░  75%  Streaming frame 3113/3443
  ██████████████████░░░░░░░  75%  Streaming frame 3118/3443
  ██████████████████░░░░░░░  75%  Streaming frame 3123/3443
  ██████████████████░░░░░░░  75%  Streaming frame 3128/3443
  ██████████████████░░░░░░░  75%  Streaming frame 3134/3443
  ██████████████████░░░░░░░  75%  Streaming frame 3140/3443
  ██████████████████░░░░░░░  75%  Streaming frame 3146/3443
  ██████████████████░░░░░░░  75%  Streaming frame 3152/3443
  ██████████████████░░░░░░░  75%  Streaming frame 3158/3443
  ███████████████████░░░░░░  76%  Streaming frame 3163/3443
  ███████████████████░░░░░░  76%  Streaming frame 3168/3443
  ███████████████████░░░░░░  76%  Streaming frame 3173/3443
  ███████████████████░░░░░░  76%  Streaming frame 3178/3443
  ███████████████████░░░░░░  76%  Streaming frame 3184/3443
  ███████████████████░░░░░░  76%  Streaming frame 3190/3443
  ███████████████████░░░░░░  76%  Streaming frame 3196/3443
  ███████████████████░░░░░░  76%  Streaming frame 3202/3443
  ███████████████████░░░░░░  76%  Streaming frame 3207/3443
  ███████████████████░░░░░░  76%  Streaming frame 3212/3443
  ███████████████████░░░░░░  76%  Streaming frame 3217/3443
  ███████████████████░░░░░░  76%  Streaming frame 3221/3443
  ███████████████████░░░░░░  77%  Streaming frame 3226/3443
  ███████████████████░░░░░░  77%  Streaming frame 3231/3443
  ███████████████████░░░░░░  77%  Streaming frame 3237/3443
  ███████████████████░░░░░░  77%  Streaming frame 3242/3443
  ███████████████████░░░░░░  77%  Streaming frame 3247/3443
  ███████████████████░░░░░░  77%  Streaming frame 3253/3443
  ███████████████████░░░░░░  77%  Streaming frame 3258/3443
  ███████████████████░░░░░░  77%  Streaming frame 3264/3443
  ███████████████████░░░░░░  77%  Streaming frame 3270/3443
  ███████████████████░░░░░░  77%  Streaming frame 3275/3443
  ███████████████████░░░░░░  77%  Streaming frame 3280/3443
  ███████████████████░░░░░░  77%  Streaming frame 3286/3443
  ███████████████████░░░░░░  78%  Streaming frame 3292/3443
  ███████████████████░░░░░░  78%  Streaming frame 3298/3443
  ███████████████████░░░░░░  78%  Streaming frame 3303/3443
  ███████████████████░░░░░░  78%  Streaming frame 3308/3443
  ███████████████████░░░░░░  78%  Streaming frame 3314/3443
  ███████████████████░░░░░░  78%  Streaming frame 3317/3443
  ███████████████████░░░░░░  78%  Streaming frame 3322/3443
  ███████████████████░░░░░░  78%  Streaming frame 3328/3443
  ███████████████████░░░░░░  78%  Streaming frame 3334/3443
  ███████████████████░░░░░░  78%  Streaming frame 3340/3443
  ███████████████████░░░░░░  78%  Streaming frame 3345/3443
  ███████████████████░░░░░░  79%  Streaming frame 3350/3443
  ███████████████████░░░░░░  79%  Streaming frame 3356/3443
  ███████████████████░░░░░░  79%  Streaming frame 3362/3443
  ███████████████████░░░░░░  79%  Streaming frame 3367/3443
  ███████████████████░░░░░░  79%  Streaming frame 3372/3443
  ███████████████████░░░░░░  79%  Streaming frame 3378/3443
  ███████████████████░░░░░░  79%  Streaming frame 3383/3443
  ███████████████████░░░░░░  79%  Streaming frame 3388/3443
  ███████████████████░░░░░░  79%  Streaming frame 3394/3443
  ███████████████████░░░░░░  79%  Streaming frame 3399/3443
  ███████████████████░░░░░░  79%  Streaming frame 3405/3443
  ███████████████████░░░░░░  79%  Streaming frame 3410/3443
  ████████████████████░░░░░  80%  Streaming frame 3416/3443
  ████████████████████░░░░░  80%  Streaming frame 3422/3443
  ████████████████████░░░░░  80%  Streaming frame 3428/3443
  ████████████████████░░░░░  80%  Streaming frame 3434/3443
  ████████████████████░░░░░  80%  Streaming frame 3440/3443
  ████████████████████░░░░░  80%  Streaming frame 3443/3443
[INFO] [Render:trace] {"renderJobId":"9cb127d3-2120-4563-b46d-eae31127d61a","phase":"capture_streaming","status":"end","elapsedMs":184739,"durationMs":179944,"stagePhase":"capturing","workerCount":1,"forceScreenshot":false,"totalFrames":3443,"framesCompleted":3443,"captureMode":"drawelement","captureOperation":"encode"}
[INFO] [Render:trace] {"renderJobId":"9cb127d3-2120-4563-b46d-eae31127d61a","phase":"assemble","status":"start","elapsedMs":184740,"stagePhase":"capturing","hasAudio":true,"workerCount":1,"forceScreenshot":false,"totalFrames":3443,"framesCompleted":3443,"captureMode":"drawelement","captureOperation":"encode"}
  ██████████████████████░░░  90%  Assembling final video
[INFO] [Render:trace] {"renderJobId":"9cb127d3-2120-4563-b46d-eae31127d61a","phase":"assemble","status":"end","elapsedMs":188753,"durationMs":4013,"stagePhase":"capturing","hasAudio":true,"workerCount":1,"forceScreenshot":false,"totalFrames":3443,"framesCompleted":3443,"captureMode":"drawelement","captureOperation":"encode"}
[INFO] [Render:trace] {"renderJobId":"9cb127d3-2120-4563-b46d-eae31127d61a","phase":"pipeline","status":"checkpoint","elapsedMs":188801,"message":"artifact validated","totalElapsedMs":188800}
  █████████████████████████  100%  Render complete

◇  /Users/armaanarya/YBAREPO/videos/blockchain-explainer/renders/blockchain-explainer.mp4
   23.6 MB · 1m 54.8s video · rendered in 3m 8.8s
   screenshot capture · hardware gpu · compile 0.9s · extract 0.0s · audio 3.5s · probe 0.2s · setup 0.3s · capture 2m 59.9s · encode (during capture) 2m 59.9s · assemble 4.0s
