
◆  Rendering ep03-public-vs-private → /Users/armaanarya/YBAREPO/videos/ep03-public-vs-private/renders/ep03-public-vs-private.mp4
   30fps · high · auto workers (10 cores detected)
   GPU: browser GPU (auto-detect)

[?25l│
◒  Checking browser[1G[J◇  Browser: cache
[?25h[INFO] [Render] Pipeline started {"renderJobId":"52c26f6e-6689-457a-a506-98923c456060","platform":"darwin","arch":"arm64","nodeVersion":"v26.7.0","fps":{"num":30,"den":1},"format":"mp4","quality":"high","browserGpuMode":"auto","forceScreenshot":false,"protocolTimeout":300000,"browserTimeout":120000,"pageNavigationTimeout":60000,"playerReadyTimeout":45000}
[INFO] [Render:trace] {"renderJobId":"52c26f6e-6689-457a-a506-98923c456060","phase":"pipeline","status":"checkpoint","elapsedMs":3,"message":"started","format":"mp4","quality":"high","browserGpuMode":"auto","forceScreenshot":false,"protocolTimeoutMs":300000,"pageNavigationTimeoutMs":60000,"playerReadyTimeoutMs":45000,"requestedWorkers":"auto"}
[INFO] [Render:trace] {"renderJobId":"52c26f6e-6689-457a-a506-98923c456060","phase":"compile","status":"start","elapsedMs":4,"needsAlpha":false}
  █░░░░░░░░░░░░░░░░░░░░░░░░  5%  Compiling composition
[INFO] [Compiler] Inlined CDN script: https://cdn.jsdelivr.net/npm/gsap@3.14.2/dist/gsap.min.js
[INFO] Compiled composition metadata {"renderJobId":"52c26f6e-6689-457a-a506-98923c456060","entryFile":"index.html","staticDuration":131.73,"width":1920,"height":1080,"videoCount":0,"audioCount":12,"renderModeHints":{"recommendScreenshot":false,"reasons":[]}}
[INFO] [Render:trace] {"renderJobId":"52c26f6e-6689-457a-a506-98923c456060","phase":"compile","status":"end","elapsedMs":709,"durationMs":705,"needsAlpha":false}
[INFO] [Render:trace] {"renderJobId":"52c26f6e-6689-457a-a506-98923c456060","phase":"compile","status":"checkpoint","elapsedMs":711,"message":"composition metadata resolved","width":1920,"height":1080,"videoCount":0,"audioCount":12,"imageCount":1,"deviceScaleFactor":1,"forceScreenshot":false,"compositionHash":"c6cdecc9adddd119"}
[INFO] [Render:trace] {"renderJobId":"52c26f6e-6689-457a-a506-98923c456060","phase":"browser_probe","status":"start","elapsedMs":711,"forceScreenshot":false,"stagePhase":"calibrating"}
[INFO] [Render:trace] {"renderJobId":"52c26f6e-6689-457a-a506-98923c456060","phase":"browser_probe","status":"end","elapsedMs":924,"durationMs":212,"forceScreenshot":false,"stagePhase":"calibrating"}
[INFO] [Render:trace] {"renderJobId":"52c26f6e-6689-457a-a506-98923c456060","phase":"browser_probe","status":"checkpoint","elapsedMs":925,"message":"duration resolved","durationSeconds":131.73,"totalFrames":3952,"compositionHash":"c6cdecc9adddd119","beginFrameStalled":false}
[INFO] [Render:trace] {"renderJobId":"52c26f6e-6689-457a-a506-98923c456060","phase":"video_extract","status":"start","elapsedMs":926,"videoCount":0}
  ██░░░░░░░░░░░░░░░░░░░░░░░  10%  Extracting video frames
[INFO] [Render:trace] {"renderJobId":"52c26f6e-6689-457a-a506-98923c456060","phase":"video_extract","status":"end","elapsedMs":927,"durationMs":1,"videoCount":0}
[INFO] [Render:trace] {"renderJobId":"52c26f6e-6689-457a-a506-98923c456060","phase":"video_extract","status":"checkpoint","elapsedMs":935,"message":"frames resolved","videoCount":0,"extractedVideoCount":0,"totalFramesExtracted":0,"maxFramesPerVideo":0,"avgFramesPerExtractedVideo":null,"vfrPreflightCount":null,"vfrPreflightMs":null,"cacheHits":null,"cacheMisses":null,"transientRetries":null,"minVideoFrameCoverageRatio":null,"authoredTimedClipCount":27}
[INFO] [Render] No HDR sources detected — rendering SDR {"renderJobId":"52c26f6e-6689-457a-a506-98923c456060"}
[INFO] [Render:trace] {"renderJobId":"52c26f6e-6689-457a-a506-98923c456060","phase":"hdr_detection","status":"checkpoint","elapsedMs":936,"message":"resolved","requestedHdrMode":"auto","effectiveHdr":"sdr","nativeHdrVideoCount":0,"nativeHdrImageCount":0}
[INFO] [Render:trace] {"renderJobId":"52c26f6e-6689-457a-a506-98923c456060","phase":"audio_process","status":"start","elapsedMs":936,"audioCount":12}
  █████░░░░░░░░░░░░░░░░░░░░  20%  Processing audio tracks
[INFO] [Render:trace] {"renderJobId":"52c26f6e-6689-457a-a506-98923c456060","phase":"audio_process","status":"end","elapsedMs":4834,"durationMs":3898,"audioCount":12}
[INFO] [Render:trace] {"renderJobId":"52c26f6e-6689-457a-a506-98923c456060","phase":"file_server","status":"start","elapsedMs":4835,"reused":false}
  ██████░░░░░░░░░░░░░░░░░░░  25%  Starting frame capture
[INFO] [Render:trace] {"renderJobId":"52c26f6e-6689-457a-a506-98923c456060","phase":"file_server","status":"end","elapsedMs":4840,"durationMs":5}
  ██████░░░░░░░░░░░░░░░░░░░  25%  Checking browser GPU
[hyperframes] browserGpuMode probe → hardware (WebGL renderer vendor="Google Inc. (Apple)" renderer="ANGLE (Apple, ANGLE Metal Renderer: Apple M5, Unspecified Version)")
[INFO] [Render:trace] {"renderJobId":"52c26f6e-6689-457a-a506-98923c456060","phase":"capture_calibration","status":"checkpoint","elapsedMs":5151,"message":"skipped","requestedWorkers":"auto","totalFrames":3952,"htmlInCanvasDetected":false,"lowMemoryMode":false,"deInversionEligible":true,"deParallelRouterEligible":false}
[INFO] [Render] Fast capture: single-worker drawElement streaming preferred over 4-worker screenshot capture (3952 frames >= 900; verified path, measured faster at every worker count). Set HF_DE_SINGLE_MIN_FRAMES=0 or --workers N to override. {"renderJobId":"52c26f6e-6689-457a-a506-98923c456060"}
[INFO] [Render:trace] {"renderJobId":"52c26f6e-6689-457a-a506-98923c456060","phase":"worker_resolution","status":"checkpoint","elapsedMs":5152,"message":"resolved","workerCount":1}
[INFO] streaming-encode gate {"renderJobId":"52c26f6e-6689-457a-a506-98923c456060","enabled":true,"reason":"single_worker","configFlag":true,"durationCapEnabled":false,"outputFormat":"mp4","workerCount":1,"durationSeconds":131.73,"maxDurationSeconds":240}
[INFO] [Render:trace] {"renderJobId":"52c26f6e-6689-457a-a506-98923c456060","phase":"capture_strategy","status":"checkpoint","elapsedMs":5153,"message":"resolved","workerCount":1,"forceScreenshot":false,"captureBeyondViewport":null,"useStreamingEncode":true,"useLayeredComposite":false,"usePageSideCompositing":false,"hasHdrContent":false,"hasShaderTransitions":false,"isPngSequence":false}
[INFO] [Render:trace] {"renderJobId":"52c26f6e-6689-457a-a506-98923c456060","phase":"capture_streaming","status":"start","elapsedMs":5153,"stagePhase":"capturing","workerCount":1,"forceScreenshot":false,"totalFrames":3952,"framesCompleted":0,"captureMode":"drawelement","captureOperation":"drawElement"}
[BrowserManager] Browser launched (HeadlessChrome/152.0.7977.30, screenshot, gl=--use-gl=angle --use-angle=metal, headlessShell=true, platform=darwin)
[initSession:screenshot] page.goto start (0ms)
[HyperFrames] render runtime fps {"canonicalFps":30,"source":"render-options","rawFpsSource":"render-options","rawFps":30}
[initSession:screenshot] page.goto complete (336ms)
[initSession:screenshot] GSAP proxy flush complete (408ms)
[initSession:screenshot] pollHfReady complete (484ms)
[initSession:screenshot] pollSubCompositionTimelines complete (ready) (487ms)
[initSession:screenshot] applyVideoMetadataHints complete (487ms)
[initSession:screenshot] media + fonts + tailwind ready (489ms)
[engine] fast capture: falling back to screenshot capture — filter:drop-shadow detected (drawElementImage cannot reproduce it; see fast-capture-limitations.md)
[initSession:screenshot] static-frame dedup: disabled (eligible) (535ms)
  ██████░░░░░░░░░░░░░░░░░░░  25%  Streaming frame 1/3952
  ██████░░░░░░░░░░░░░░░░░░░  25%  Streaming frame 7/3952
  ██████░░░░░░░░░░░░░░░░░░░  25%  Streaming frame 13/3952
  ██████░░░░░░░░░░░░░░░░░░░  25%  Streaming frame 19/3952
  ██████░░░░░░░░░░░░░░░░░░░  25%  Streaming frame 25/3952
  ██████░░░░░░░░░░░░░░░░░░░  25%  Streaming frame 31/3952
  ██████░░░░░░░░░░░░░░░░░░░  26%  Streaming frame 38/3952
  ██████░░░░░░░░░░░░░░░░░░░  26%  Streaming frame 44/3952
  ██████░░░░░░░░░░░░░░░░░░░  26%  Streaming frame 50/3952
  ██████░░░░░░░░░░░░░░░░░░░  26%  Streaming frame 55/3952
  ██████░░░░░░░░░░░░░░░░░░░  26%  Streaming frame 61/3952
  ██████░░░░░░░░░░░░░░░░░░░  26%  Streaming frame 67/3952
  ██████░░░░░░░░░░░░░░░░░░░  26%  Streaming frame 73/3952
  ██████░░░░░░░░░░░░░░░░░░░  26%  Streaming frame 79/3952
  ██████░░░░░░░░░░░░░░░░░░░  26%  Streaming frame 85/3952
  ██████░░░░░░░░░░░░░░░░░░░  26%  Streaming frame 90/3952
  ██████░░░░░░░░░░░░░░░░░░░  26%  Streaming frame 96/3952
  ██████░░░░░░░░░░░░░░░░░░░  26%  Streaming frame 102/3952
  ██████░░░░░░░░░░░░░░░░░░░  26%  Streaming frame 107/3952
  ██████░░░░░░░░░░░░░░░░░░░  27%  Streaming frame 113/3952
  ██████░░░░░░░░░░░░░░░░░░░  27%  Streaming frame 118/3952
  ██████░░░░░░░░░░░░░░░░░░░  27%  Streaming frame 123/3952
  ██████░░░░░░░░░░░░░░░░░░░  27%  Streaming frame 128/3952
  ██████░░░░░░░░░░░░░░░░░░░  27%  Streaming frame 134/3952
  ██████░░░░░░░░░░░░░░░░░░░  27%  Streaming frame 139/3952
  ██████░░░░░░░░░░░░░░░░░░░  27%  Streaming frame 145/3952
  ██████░░░░░░░░░░░░░░░░░░░  27%  Streaming frame 151/3952
  ██████░░░░░░░░░░░░░░░░░░░  27%  Streaming frame 156/3952
  ██████░░░░░░░░░░░░░░░░░░░  27%  Streaming frame 162/3952
  ██████░░░░░░░░░░░░░░░░░░░  27%  Streaming frame 168/3952
  ██████░░░░░░░░░░░░░░░░░░░  27%  Streaming frame 174/3952
  ██████░░░░░░░░░░░░░░░░░░░  27%  Streaming frame 179/3952
  ███████░░░░░░░░░░░░░░░░░░  28%  Streaming frame 184/3952
  ███████░░░░░░░░░░░░░░░░░░  28%  Streaming frame 189/3952
  ███████░░░░░░░░░░░░░░░░░░  28%  Streaming frame 195/3952
  ███████░░░░░░░░░░░░░░░░░░  28%  Streaming frame 200/3952
  ███████░░░░░░░░░░░░░░░░░░  28%  Streaming frame 205/3952
  ███████░░░░░░░░░░░░░░░░░░  28%  Streaming frame 210/3952
  ███████░░░░░░░░░░░░░░░░░░  28%  Streaming frame 215/3952
  ███████░░░░░░░░░░░░░░░░░░  28%  Streaming frame 220/3952
  ███████░░░░░░░░░░░░░░░░░░  28%  Streaming frame 225/3952
  ███████░░░░░░░░░░░░░░░░░░  28%  Streaming frame 230/3952
  ███████░░░░░░░░░░░░░░░░░░  28%  Streaming frame 235/3952
  ███████░░░░░░░░░░░░░░░░░░  28%  Streaming frame 240/3952
  ███████░░░░░░░░░░░░░░░░░░  28%  Streaming frame 245/3952
  ███████░░░░░░░░░░░░░░░░░░  28%  Streaming frame 251/3952
  ███████░░░░░░░░░░░░░░░░░░  29%  Streaming frame 256/3952
  ███████░░░░░░░░░░░░░░░░░░  29%  Streaming frame 261/3952
  ███████░░░░░░░░░░░░░░░░░░  29%  Streaming frame 266/3952
  ███████░░░░░░░░░░░░░░░░░░  29%  Streaming frame 271/3952
  ███████░░░░░░░░░░░░░░░░░░  29%  Streaming frame 277/3952
  ███████░░░░░░░░░░░░░░░░░░  29%  Streaming frame 282/3952
  ███████░░░░░░░░░░░░░░░░░░  29%  Streaming frame 287/3952
  ███████░░░░░░░░░░░░░░░░░░  29%  Streaming frame 292/3952
  ███████░░░░░░░░░░░░░░░░░░  29%  Streaming frame 297/3952
  ███████░░░░░░░░░░░░░░░░░░  29%  Streaming frame 302/3952
  ███████░░░░░░░░░░░░░░░░░░  29%  Streaming frame 308/3952
  ███████░░░░░░░░░░░░░░░░░░  29%  Streaming frame 313/3952
  ███████░░░░░░░░░░░░░░░░░░  29%  Streaming frame 319/3952
  ███████░░░░░░░░░░░░░░░░░░  30%  Streaming frame 324/3952
  ███████░░░░░░░░░░░░░░░░░░  30%  Streaming frame 329/3952
  ███████░░░░░░░░░░░░░░░░░░  30%  Streaming frame 334/3952
  ███████░░░░░░░░░░░░░░░░░░  30%  Streaming frame 339/3952
  ███████░░░░░░░░░░░░░░░░░░  30%  Streaming frame 345/3952
  ███████░░░░░░░░░░░░░░░░░░  30%  Streaming frame 350/3952
  ███████░░░░░░░░░░░░░░░░░░  30%  Streaming frame 355/3952
  ███████░░░░░░░░░░░░░░░░░░  30%  Streaming frame 361/3952
  ███████░░░░░░░░░░░░░░░░░░  30%  Streaming frame 367/3952
  ███████░░░░░░░░░░░░░░░░░░  30%  Streaming frame 373/3952
  ███████░░░░░░░░░░░░░░░░░░  30%  Streaming frame 378/3952
  ███████░░░░░░░░░░░░░░░░░░  30%  Streaming frame 384/3952
  ███████░░░░░░░░░░░░░░░░░░  30%  Streaming frame 390/3952
  ███████░░░░░░░░░░░░░░░░░░  30%  Streaming frame 395/3952
  ███████░░░░░░░░░░░░░░░░░░  31%  Streaming frame 400/3952
  ███████░░░░░░░░░░░░░░░░░░  31%  Streaming frame 406/3952
  ███████░░░░░░░░░░░░░░░░░░  31%  Streaming frame 412/3952
  ███████░░░░░░░░░░░░░░░░░░  31%  Streaming frame 417/3952
  ███████░░░░░░░░░░░░░░░░░░  31%  Streaming frame 423/3952
  ███████░░░░░░░░░░░░░░░░░░  31%  Streaming frame 429/3952
  ███████░░░░░░░░░░░░░░░░░░  31%  Streaming frame 435/3952
  ███████░░░░░░░░░░░░░░░░░░  31%  Streaming frame 440/3952
  ███████░░░░░░░░░░░░░░░░░░  31%  Streaming frame 445/3952
  ███████░░░░░░░░░░░░░░░░░░  31%  Streaming frame 451/3952
  ███████░░░░░░░░░░░░░░░░░░  31%  Streaming frame 456/3952
  ███████░░░░░░░░░░░░░░░░░░  31%  Streaming frame 462/3952
  ███████░░░░░░░░░░░░░░░░░░  31%  Streaming frame 467/3952
  ████████░░░░░░░░░░░░░░░░░  32%  Streaming frame 473/3952
  ████████░░░░░░░░░░░░░░░░░  32%  Streaming frame 479/3952
  ████████░░░░░░░░░░░░░░░░░  32%  Streaming frame 484/3952
  ████████░░░░░░░░░░░░░░░░░  32%  Streaming frame 489/3952
  ████████░░░░░░░░░░░░░░░░░  32%  Streaming frame 495/3952
  ████████░░░░░░░░░░░░░░░░░  32%  Streaming frame 500/3952
  ████████░░░░░░░░░░░░░░░░░  32%  Streaming frame 506/3952
  ████████░░░░░░░░░░░░░░░░░  32%  Streaming frame 511/3952
  ████████░░░░░░░░░░░░░░░░░  32%  Streaming frame 516/3952
  ████████░░░░░░░░░░░░░░░░░  32%  Streaming frame 521/3952
  ████████░░░░░░░░░░░░░░░░░  32%  Streaming frame 526/3952
  ████████░░░░░░░░░░░░░░░░░  32%  Streaming frame 531/3952
  ████████░░░░░░░░░░░░░░░░░  32%  Streaming frame 537/3952
  ████████░░░░░░░░░░░░░░░░░  33%  Streaming frame 542/3952
  ████████░░░░░░░░░░░░░░░░░  33%  Streaming frame 548/3952
  ████████░░░░░░░░░░░░░░░░░  33%  Streaming frame 554/3952
  ████████░░░░░░░░░░░░░░░░░  33%  Streaming frame 560/3952
  ████████░░░░░░░░░░░░░░░░░  33%  Streaming frame 565/3952
  ████████░░░░░░░░░░░░░░░░░  33%  Streaming frame 570/3952
  ████████░░░░░░░░░░░░░░░░░  33%  Streaming frame 575/3952
  ████████░░░░░░░░░░░░░░░░░  33%  Streaming frame 580/3952
  ████████░░░░░░░░░░░░░░░░░  33%  Streaming frame 586/3952
[INFO] [Render:trace] {"renderJobId":"52c26f6e-6689-457a-a506-98923c456060","phase":"capture_streaming","status":"checkpoint","elapsedMs":35154,"message":"stage still running","stagePhase":"capturing","workerCount":1,"forceScreenshot":false,"totalFrames":3952,"framesCompleted":588,"captureMode":"drawelement","captureOperation":"drawElement","heartbeatIndex":1,"stageElapsedMs":30001}
  ████████░░░░░░░░░░░░░░░░░  33%  Streaming frame 592/3952
  ████████░░░░░░░░░░░░░░░░░  33%  Streaming frame 598/3952
  ████████░░░░░░░░░░░░░░░░░  33%  Streaming frame 604/3952
  ████████░░░░░░░░░░░░░░░░░  33%  Streaming frame 609/3952
  ████████░░░░░░░░░░░░░░░░░  34%  Streaming frame 614/3952
  ████████░░░░░░░░░░░░░░░░░  34%  Streaming frame 619/3952
  ████████░░░░░░░░░░░░░░░░░  34%  Streaming frame 624/3952
  ████████░░░░░░░░░░░░░░░░░  34%  Streaming frame 629/3952
  ████████░░░░░░░░░░░░░░░░░  34%  Streaming frame 634/3952
  ████████░░░░░░░░░░░░░░░░░  34%  Streaming frame 639/3952
  ████████░░░░░░░░░░░░░░░░░  34%  Streaming frame 645/3952
  ████████░░░░░░░░░░░░░░░░░  34%  Streaming frame 651/3952
  ████████░░░░░░░░░░░░░░░░░  34%  Streaming frame 657/3952
  ████████░░░░░░░░░░░░░░░░░  34%  Streaming frame 663/3952
  ████████░░░░░░░░░░░░░░░░░  34%  Streaming frame 670/3952
  ████████░░░░░░░░░░░░░░░░░  34%  Streaming frame 676/3952
  ████████░░░░░░░░░░░░░░░░░  34%  Streaming frame 682/3952
  ████████░░░░░░░░░░░░░░░░░  35%  Streaming frame 688/3952
  ████████░░░░░░░░░░░░░░░░░  35%  Streaming frame 695/3952
  ████████░░░░░░░░░░░░░░░░░  35%  Streaming frame 700/3952
  ████████░░░░░░░░░░░░░░░░░  35%  Streaming frame 705/3952
  ████████░░░░░░░░░░░░░░░░░  35%  Streaming frame 710/3952
  ████████░░░░░░░░░░░░░░░░░  35%  Streaming frame 715/3952
  ████████░░░░░░░░░░░░░░░░░  35%  Streaming frame 720/3952
  ████████░░░░░░░░░░░░░░░░░  35%  Streaming frame 725/3952
  ████████░░░░░░░░░░░░░░░░░  35%  Streaming frame 731/3952
  ████████░░░░░░░░░░░░░░░░░  35%  Streaming frame 736/3952
  ████████░░░░░░░░░░░░░░░░░  35%  Streaming frame 742/3952
  ████████░░░░░░░░░░░░░░░░░  35%  Streaming frame 747/3952
  ████████░░░░░░░░░░░░░░░░░  35%  Streaming frame 752/3952
  █████████░░░░░░░░░░░░░░░░  36%  Streaming frame 757/3952
  █████████░░░░░░░░░░░░░░░░  36%  Streaming frame 762/3952
  █████████░░░░░░░░░░░░░░░░  36%  Streaming frame 767/3952
  █████████░░░░░░░░░░░░░░░░  36%  Streaming frame 772/3952
  █████████░░░░░░░░░░░░░░░░  36%  Streaming frame 777/3952
  █████████░░░░░░░░░░░░░░░░  36%  Streaming frame 782/3952
  █████████░░░░░░░░░░░░░░░░  36%  Streaming frame 788/3952
  █████████░░░░░░░░░░░░░░░░  36%  Streaming frame 793/3952
  █████████░░░░░░░░░░░░░░░░  36%  Streaming frame 798/3952
  █████████░░░░░░░░░░░░░░░░  36%  Streaming frame 803/3952
  █████████░░░░░░░░░░░░░░░░  36%  Streaming frame 808/3952
  █████████░░░░░░░░░░░░░░░░  36%  Streaming frame 814/3952
  █████████░░░░░░░░░░░░░░░░  36%  Streaming frame 819/3952
  █████████░░░░░░░░░░░░░░░░  36%  Streaming frame 824/3952
  █████████░░░░░░░░░░░░░░░░  37%  Streaming frame 829/3952
  █████████░░░░░░░░░░░░░░░░  37%  Streaming frame 834/3952
  █████████░░░░░░░░░░░░░░░░  37%  Streaming frame 839/3952
  █████████░░░░░░░░░░░░░░░░  37%  Streaming frame 844/3952
  █████████░░░░░░░░░░░░░░░░  37%  Streaming frame 849/3952
  █████████░░░░░░░░░░░░░░░░  37%  Streaming frame 854/3952
  █████████░░░░░░░░░░░░░░░░  37%  Streaming frame 860/3952
  █████████░░░░░░░░░░░░░░░░  37%  Streaming frame 865/3952
  █████████░░░░░░░░░░░░░░░░  37%  Streaming frame 870/3952
  █████████░░░░░░░░░░░░░░░░  37%  Streaming frame 876/3952
  █████████░░░░░░░░░░░░░░░░  37%  Streaming frame 881/3952
  █████████░░░░░░░░░░░░░░░░  37%  Streaming frame 887/3952
  █████████░░░░░░░░░░░░░░░░  37%  Streaming frame 892/3952
  █████████░░░░░░░░░░░░░░░░  37%  Streaming frame 897/3952
  █████████░░░░░░░░░░░░░░░░  38%  Streaming frame 902/3952
  █████████░░░░░░░░░░░░░░░░  38%  Streaming frame 908/3952
  █████████░░░░░░░░░░░░░░░░  38%  Streaming frame 913/3952
  █████████░░░░░░░░░░░░░░░░  38%  Streaming frame 919/3952
  █████████░░░░░░░░░░░░░░░░  38%  Streaming frame 924/3952
  █████████░░░░░░░░░░░░░░░░  38%  Streaming frame 929/3952
  █████████░░░░░░░░░░░░░░░░  38%  Streaming frame 934/3952
  █████████░░░░░░░░░░░░░░░░  38%  Streaming frame 940/3952
  █████████░░░░░░░░░░░░░░░░  38%  Streaming frame 946/3952
  █████████░░░░░░░░░░░░░░░░  38%  Streaming frame 952/3952
  █████████░░░░░░░░░░░░░░░░  38%  Streaming frame 957/3952
  █████████░░░░░░░░░░░░░░░░  38%  Streaming frame 963/3952
  █████████░░░░░░░░░░░░░░░░  38%  Streaming frame 968/3952
  █████████░░░░░░░░░░░░░░░░  39%  Streaming frame 973/3952
  █████████░░░░░░░░░░░░░░░░  39%  Streaming frame 979/3952
  █████████░░░░░░░░░░░░░░░░  39%  Streaming frame 985/3952
  █████████░░░░░░░░░░░░░░░░  39%  Streaming frame 990/3952
  █████████░░░░░░░░░░░░░░░░  39%  Streaming frame 996/3952
  █████████░░░░░░░░░░░░░░░░  39%  Streaming frame 1001/3952
  █████████░░░░░░░░░░░░░░░░  39%  Streaming frame 1007/3952
  █████████░░░░░░░░░░░░░░░░  39%  Streaming frame 1012/3952
  █████████░░░░░░░░░░░░░░░░  39%  Streaming frame 1017/3952
  █████████░░░░░░░░░░░░░░░░  39%  Streaming frame 1022/3952
  █████████░░░░░░░░░░░░░░░░  39%  Streaming frame 1027/3952
  █████████░░░░░░░░░░░░░░░░  39%  Streaming frame 1032/3952
  █████████░░░░░░░░░░░░░░░░  39%  Streaming frame 1037/3952
  ██████████░░░░░░░░░░░░░░░  40%  Streaming frame 1042/3952
  ██████████░░░░░░░░░░░░░░░  40%  Streaming frame 1047/3952
  ██████████░░░░░░░░░░░░░░░  40%  Streaming frame 1053/3952
  ██████████░░░░░░░░░░░░░░░  40%  Streaming frame 1058/3952
  ██████████░░░░░░░░░░░░░░░  40%  Streaming frame 1063/3952
  ██████████░░░░░░░░░░░░░░░  40%  Streaming frame 1069/3952
  ██████████░░░░░░░░░░░░░░░  40%  Streaming frame 1074/3952
  ██████████░░░░░░░░░░░░░░░  40%  Streaming frame 1079/3952
  ██████████░░░░░░░░░░░░░░░  40%  Streaming frame 1085/3952
  ██████████░░░░░░░░░░░░░░░  40%  Streaming frame 1090/3952
  ██████████░░░░░░░░░░░░░░░  40%  Streaming frame 1096/3952
  ██████████░░░░░░░░░░░░░░░  40%  Streaming frame 1101/3952
  ██████████░░░░░░░░░░░░░░░  40%  Streaming frame 1107/3952
  ██████████░░░░░░░░░░░░░░░  40%  Streaming frame 1112/3952
  ██████████░░░░░░░░░░░░░░░  41%  Streaming frame 1117/3952
  ██████████░░░░░░░░░░░░░░░  41%  Streaming frame 1122/3952
  ██████████░░░░░░░░░░░░░░░  41%  Streaming frame 1128/3952
  ██████████░░░░░░░░░░░░░░░  41%  Streaming frame 1133/3952
  ██████████░░░░░░░░░░░░░░░  41%  Streaming frame 1138/3952
  ██████████░░░░░░░░░░░░░░░  41%  Streaming frame 1143/3952
  ██████████░░░░░░░░░░░░░░░  41%  Streaming frame 1148/3952
  ██████████░░░░░░░░░░░░░░░  41%  Streaming frame 1153/3952
  ██████████░░░░░░░░░░░░░░░  41%  Streaming frame 1158/3952
  ██████████░░░░░░░░░░░░░░░  41%  Streaming frame 1164/3952
  ██████████░░░░░░░░░░░░░░░  41%  Streaming frame 1169/3952
  ██████████░░░░░░░░░░░░░░░  41%  Streaming frame 1174/3952
  ██████████░░░░░░░░░░░░░░░  41%  Streaming frame 1179/3952
  ██████████░░░░░░░░░░░░░░░  41%  Streaming frame 1185/3952
  ██████████░░░░░░░░░░░░░░░  42%  Streaming frame 1190/3952
[INFO] [Render:trace] {"renderJobId":"52c26f6e-6689-457a-a506-98923c456060","phase":"capture_streaming","status":"checkpoint","elapsedMs":65156,"message":"stage still running","stagePhase":"capturing","workerCount":1,"forceScreenshot":false,"totalFrames":3952,"framesCompleted":1195,"captureMode":"drawelement","captureOperation":"drawElement","heartbeatIndex":2,"stageElapsedMs":60003}
  ██████████░░░░░░░░░░░░░░░  42%  Streaming frame 1196/3952
  ██████████░░░░░░░░░░░░░░░  42%  Streaming frame 1201/3952
  ██████████░░░░░░░░░░░░░░░  42%  Streaming frame 1206/3952
  ██████████░░░░░░░░░░░░░░░  42%  Streaming frame 1212/3952
  ██████████░░░░░░░░░░░░░░░  42%  Streaming frame 1218/3952
  ██████████░░░░░░░░░░░░░░░  42%  Streaming frame 1224/3952
  ██████████░░░░░░░░░░░░░░░  42%  Streaming frame 1230/3952
  ██████████░░░░░░░░░░░░░░░  42%  Streaming frame 1236/3952
  ██████████░░░░░░░░░░░░░░░  42%  Streaming frame 1242/3952
  ██████████░░░░░░░░░░░░░░░  42%  Streaming frame 1249/3952
  ██████████░░░░░░░░░░░░░░░  42%  Streaming frame 1254/3952
  ██████████░░░░░░░░░░░░░░░  43%  Streaming frame 1259/3952
  ██████████░░░░░░░░░░░░░░░  43%  Streaming frame 1264/3952
  ██████████░░░░░░░░░░░░░░░  43%  Streaming frame 1270/3952
  ██████████░░░░░░░░░░░░░░░  43%  Streaming frame 1275/3952
  ██████████░░░░░░░░░░░░░░░  43%  Streaming frame 1280/3952
  ██████████░░░░░░░░░░░░░░░  43%  Streaming frame 1286/3952
  ██████████░░░░░░░░░░░░░░░  43%  Streaming frame 1292/3952
  ██████████░░░░░░░░░░░░░░░  43%  Streaming frame 1298/3952
  ██████████░░░░░░░░░░░░░░░  43%  Streaming frame 1304/3952
  ██████████░░░░░░░░░░░░░░░  43%  Streaming frame 1310/3952
  ██████████░░░░░░░░░░░░░░░  43%  Streaming frame 1315/3952
  ██████████░░░░░░░░░░░░░░░  43%  Streaming frame 1320/3952
  ██████████░░░░░░░░░░░░░░░  43%  Streaming frame 1325/3952
  ███████████░░░░░░░░░░░░░░  44%  Streaming frame 1330/3952
  ███████████░░░░░░░░░░░░░░  44%  Streaming frame 1336/3952
  ███████████░░░░░░░░░░░░░░  44%  Streaming frame 1341/3952
  ███████████░░░░░░░░░░░░░░  44%  Streaming frame 1346/3952
  ███████████░░░░░░░░░░░░░░  44%  Streaming frame 1351/3952
  ███████████░░░░░░░░░░░░░░  44%  Streaming frame 1356/3952
  ███████████░░░░░░░░░░░░░░  44%  Streaming frame 1361/3952
  ███████████░░░░░░░░░░░░░░  44%  Streaming frame 1366/3952
  ███████████░░░░░░░░░░░░░░  44%  Streaming frame 1371/3952
  ███████████░░░░░░░░░░░░░░  44%  Streaming frame 1376/3952
  ███████████░░░░░░░░░░░░░░  44%  Streaming frame 1381/3952
  ███████████░░░░░░░░░░░░░░  44%  Streaming frame 1386/3952
  ███████████░░░░░░░░░░░░░░  44%  Streaming frame 1391/3952
  ███████████░░░░░░░░░░░░░░  44%  Streaming frame 1396/3952
  ███████████░░░░░░░░░░░░░░  45%  Streaming frame 1402/3952
  ███████████░░░░░░░░░░░░░░  45%  Streaming frame 1408/3952
  ███████████░░░░░░░░░░░░░░  45%  Streaming frame 1413/3952
  ███████████░░░░░░░░░░░░░░  45%  Streaming frame 1419/3952
  ███████████░░░░░░░░░░░░░░  45%  Streaming frame 1424/3952
  ███████████░░░░░░░░░░░░░░  45%  Streaming frame 1429/3952
  ███████████░░░░░░░░░░░░░░  45%  Streaming frame 1434/3952
  ███████████░░░░░░░░░░░░░░  45%  Streaming frame 1439/3952
  ███████████░░░░░░░░░░░░░░  45%  Streaming frame 1444/3952
  ███████████░░░░░░░░░░░░░░  45%  Streaming frame 1449/3952
  ███████████░░░░░░░░░░░░░░  45%  Streaming frame 1454/3952
  ███████████░░░░░░░░░░░░░░  45%  Streaming frame 1459/3952
  ███████████░░░░░░░░░░░░░░  45%  Streaming frame 1464/3952
  ███████████░░░░░░░░░░░░░░  45%  Streaming frame 1469/3952
  ███████████░░░░░░░░░░░░░░  46%  Streaming frame 1474/3952
  ███████████░░░░░░░░░░░░░░  46%  Streaming frame 1479/3952
  ███████████░░░░░░░░░░░░░░  46%  Streaming frame 1484/3952
  ███████████░░░░░░░░░░░░░░  46%  Streaming frame 1490/3952
  ███████████░░░░░░░░░░░░░░  46%  Streaming frame 1496/3952
  ███████████░░░░░░░░░░░░░░  46%  Streaming frame 1501/3952
  ███████████░░░░░░░░░░░░░░  46%  Streaming frame 1507/3952
  ███████████░░░░░░░░░░░░░░  46%  Streaming frame 1513/3952
  ███████████░░░░░░░░░░░░░░  46%  Streaming frame 1518/3952
  ███████████░░░░░░░░░░░░░░  46%  Streaming frame 1523/3952
  ███████████░░░░░░░░░░░░░░  46%  Streaming frame 1529/3952
  ███████████░░░░░░░░░░░░░░  46%  Streaming frame 1534/3952
  ███████████░░░░░░░░░░░░░░  46%  Streaming frame 1539/3952
  ███████████░░░░░░░░░░░░░░  46%  Streaming frame 1544/3952
  ███████████░░░░░░░░░░░░░░  47%  Streaming frame 1549/3952
  ███████████░░░░░░░░░░░░░░  47%  Streaming frame 1554/3952
  ███████████░░░░░░░░░░░░░░  47%  Streaming frame 1559/3952
  ███████████░░░░░░░░░░░░░░  47%  Streaming frame 1564/3952
  ███████████░░░░░░░░░░░░░░  47%  Streaming frame 1569/3952
  ███████████░░░░░░░░░░░░░░  47%  Streaming frame 1574/3952
  ███████████░░░░░░░░░░░░░░  47%  Streaming frame 1580/3952
  ███████████░░░░░░░░░░░░░░  47%  Streaming frame 1585/3952
  ███████████░░░░░░░░░░░░░░  47%  Streaming frame 1590/3952
  ███████████░░░░░░░░░░░░░░  47%  Streaming frame 1595/3952
  ███████████░░░░░░░░░░░░░░  47%  Streaming frame 1600/3952
  ███████████░░░░░░░░░░░░░░  47%  Streaming frame 1605/3952
  ███████████░░░░░░░░░░░░░░  47%  Streaming frame 1610/3952
  ███████████░░░░░░░░░░░░░░  47%  Streaming frame 1616/3952
  ████████████░░░░░░░░░░░░░  48%  Streaming frame 1621/3952
  ████████████░░░░░░░░░░░░░  48%  Streaming frame 1626/3952
  ████████████░░░░░░░░░░░░░  48%  Streaming frame 1631/3952
  ████████████░░░░░░░░░░░░░  48%  Streaming frame 1636/3952
  ████████████░░░░░░░░░░░░░  48%  Streaming frame 1641/3952
  ████████████░░░░░░░░░░░░░  48%  Streaming frame 1647/3952
  ████████████░░░░░░░░░░░░░  48%  Streaming frame 1652/3952
  ████████████░░░░░░░░░░░░░  48%  Streaming frame 1657/3952
  ████████████░░░░░░░░░░░░░  48%  Streaming frame 1663/3952
  ████████████░░░░░░░░░░░░░  48%  Streaming frame 1668/3952
  ████████████░░░░░░░░░░░░░  48%  Streaming frame 1674/3952
  ████████████░░░░░░░░░░░░░  48%  Streaming frame 1679/3952
  ████████████░░░░░░░░░░░░░  48%  Streaming frame 1684/3952
  ████████████░░░░░░░░░░░░░  49%  Streaming frame 1690/3952
  ████████████░░░░░░░░░░░░░  49%  Streaming frame 1695/3952
  ████████████░░░░░░░░░░░░░  49%  Streaming frame 1700/3952
  ████████████░░░░░░░░░░░░░  49%  Streaming frame 1705/3952
  ████████████░░░░░░░░░░░░░  49%  Streaming frame 1710/3952
  ████████████░░░░░░░░░░░░░  49%  Streaming frame 1716/3952
  ████████████░░░░░░░░░░░░░  49%  Streaming frame 1721/3952
  ████████████░░░░░░░░░░░░░  49%  Streaming frame 1727/3952
  ████████████░░░░░░░░░░░░░  49%  Streaming frame 1732/3952
  ████████████░░░░░░░░░░░░░  49%  Streaming frame 1737/3952
  ████████████░░░░░░░░░░░░░  49%  Streaming frame 1742/3952
  ████████████░░░░░░░░░░░░░  49%  Streaming frame 1747/3952
  ████████████░░░░░░░░░░░░░  49%  Streaming frame 1753/3952
  ████████████░░░░░░░░░░░░░  49%  Streaming frame 1758/3952
  ████████████░░░░░░░░░░░░░  50%  Streaming frame 1764/3952
  ████████████░░░░░░░░░░░░░  50%  Streaming frame 1769/3952
  ████████████░░░░░░░░░░░░░  50%  Streaming frame 1774/3952
  ████████████░░░░░░░░░░░░░  50%  Streaming frame 1779/3952
  ████████████░░░░░░░░░░░░░  50%  Streaming frame 1784/3952
  ████████████░░░░░░░░░░░░░  50%  Streaming frame 1789/3952
  ████████████░░░░░░░░░░░░░  50%  Streaming frame 1794/3952
  ████████████░░░░░░░░░░░░░  50%  Streaming frame 1799/3952
  ████████████░░░░░░░░░░░░░  50%  Streaming frame 1804/3952
  ████████████░░░░░░░░░░░░░  50%  Streaming frame 1809/3952
  ████████████░░░░░░░░░░░░░  50%  Streaming frame 1815/3952
  ████████████░░░░░░░░░░░░░  50%  Streaming frame 1820/3952
  ████████████░░░░░░░░░░░░░  50%  Streaming frame 1826/3952
  ████████████░░░░░░░░░░░░░  50%  Streaming frame 1831/3952
  ████████████░░░░░░░░░░░░░  51%  Streaming frame 1837/3952
  ████████████░░░░░░░░░░░░░  51%  Streaming frame 1842/3952
  ████████████░░░░░░░░░░░░░  51%  Streaming frame 1847/3952
  ████████████░░░░░░░░░░░░░  51%  Streaming frame 1852/3952
  ████████████░░░░░░░░░░░░░  51%  Streaming frame 1857/3952
  ████████████░░░░░░░░░░░░░  51%  Streaming frame 1862/3952
  ████████████░░░░░░░░░░░░░  51%  Streaming frame 1867/3952
  ████████████░░░░░░░░░░░░░  51%  Streaming frame 1872/3952
  ████████████░░░░░░░░░░░░░  51%  Streaming frame 1878/3952
  ████████████░░░░░░░░░░░░░  51%  Streaming frame 1883/3952
  ████████████░░░░░░░░░░░░░  51%  Streaming frame 1888/3952
  ████████████░░░░░░░░░░░░░  51%  Streaming frame 1893/3952
  ████████████░░░░░░░░░░░░░  51%  Streaming frame 1898/3952
  ████████████░░░░░░░░░░░░░  51%  Streaming frame 1903/3952
  █████████████░░░░░░░░░░░░  52%  Streaming frame 1909/3952
  █████████████░░░░░░░░░░░░  52%  Streaming frame 1914/3952
  █████████████░░░░░░░░░░░░  52%  Streaming frame 1919/3952
  █████████████░░░░░░░░░░░░  52%  Streaming frame 1924/3952
  █████████████░░░░░░░░░░░░  52%  Streaming frame 1929/3952
  █████████████░░░░░░░░░░░░  52%  Streaming frame 1934/3952
  █████████████░░░░░░░░░░░░  52%  Streaming frame 1939/3952
  █████████████░░░░░░░░░░░░  52%  Streaming frame 1944/3952
  █████████████░░░░░░░░░░░░  52%  Streaming frame 1949/3952
  █████████████░░░░░░░░░░░░  52%  Streaming frame 1954/3952
  █████████████░░░░░░░░░░░░  52%  Streaming frame 1959/3952
  █████████████░░░░░░░░░░░░  52%  Streaming frame 1965/3952
  █████████████░░░░░░░░░░░░  52%  Streaming frame 1970/3952
  █████████████░░░░░░░░░░░░  52%  Streaming frame 1975/3952
  █████████████░░░░░░░░░░░░  53%  Streaming frame 1981/3952
  █████████████░░░░░░░░░░░░  53%  Streaming frame 1986/3952
  █████████████░░░░░░░░░░░░  53%  Streaming frame 1991/3952
  █████████████░░░░░░░░░░░░  53%  Streaming frame 1996/3952
  █████████████░░░░░░░░░░░░  53%  Streaming frame 2001/3952
  █████████████░░░░░░░░░░░░  53%  Streaming frame 2006/3952
  █████████████░░░░░░░░░░░░  53%  Streaming frame 2011/3952
  █████████████░░░░░░░░░░░░  53%  Streaming frame 2016/3952
  █████████████░░░░░░░░░░░░  53%  Streaming frame 2021/3952
  █████████████░░░░░░░░░░░░  53%  Streaming frame 2026/3952
  █████████████░░░░░░░░░░░░  53%  Streaming frame 2031/3952
  █████████████░░░░░░░░░░░░  53%  Streaming frame 2037/3952
  █████████████░░░░░░░░░░░░  53%  Streaming frame 2042/3952
  █████████████░░░░░░░░░░░░  54%  Streaming frame 2048/3952
  █████████████░░░░░░░░░░░░  54%  Streaming frame 2053/3952
  █████████████░░░░░░░░░░░░  54%  Streaming frame 2059/3952
  █████████████░░░░░░░░░░░░  54%  Streaming frame 2064/3952
  █████████████░░░░░░░░░░░░  54%  Streaming frame 2069/3952
  █████████████░░░░░░░░░░░░  54%  Streaming frame 2074/3952
  █████████████░░░░░░░░░░░░  54%  Streaming frame 2079/3952
  █████████████░░░░░░░░░░░░  54%  Streaming frame 2084/3952
  █████████████░░░░░░░░░░░░  54%  Streaming frame 2089/3952
  █████████████░░░░░░░░░░░░  54%  Streaming frame 2094/3952
  █████████████░░░░░░░░░░░░  54%  Streaming frame 2099/3952
  █████████████░░░░░░░░░░░░  54%  Streaming frame 2105/3952
  █████████████░░░░░░░░░░░░  54%  Streaming frame 2110/3952
  █████████████░░░░░░░░░░░░  54%  Streaming frame 2116/3952
  █████████████░░░░░░░░░░░░  55%  Streaming frame 2121/3952
  █████████████░░░░░░░░░░░░  55%  Streaming frame 2126/3952
  █████████████░░░░░░░░░░░░  55%  Streaming frame 2132/3952
  █████████████░░░░░░░░░░░░  55%  Streaming frame 2137/3952
  █████████████░░░░░░░░░░░░  55%  Streaming frame 2142/3952
  █████████████░░░░░░░░░░░░  55%  Streaming frame 2147/3952
  █████████████░░░░░░░░░░░░  55%  Streaming frame 2152/3952
  █████████████░░░░░░░░░░░░  55%  Streaming frame 2157/3952
  █████████████░░░░░░░░░░░░  55%  Streaming frame 2162/3952
  █████████████░░░░░░░░░░░░  55%  Streaming frame 2167/3952
  █████████████░░░░░░░░░░░░  55%  Streaming frame 2172/3952
  █████████████░░░░░░░░░░░░  55%  Streaming frame 2177/3952
  █████████████░░░░░░░░░░░░  55%  Streaming frame 2182/3952
  █████████████░░░░░░░░░░░░  55%  Streaming frame 2187/3952
  ██████████████░░░░░░░░░░░  56%  Streaming frame 2193/3952
  ██████████████░░░░░░░░░░░  56%  Streaming frame 2194/3952
  ██████████████░░░░░░░░░░░  56%  Streaming frame 2200/3952
  ██████████████░░░░░░░░░░░  56%  Streaming frame 2205/3952
  ██████████████░░░░░░░░░░░  56%  Streaming frame 2210/3952
  ██████████████░░░░░░░░░░░  56%  Streaming frame 2215/3952
  ██████████████░░░░░░░░░░░  56%  Streaming frame 2220/3952
  ██████████████░░░░░░░░░░░  56%  Streaming frame 2225/3952
  ██████████████░░░░░░░░░░░  56%  Streaming frame 2230/3952
  ██████████████░░░░░░░░░░░  56%  Streaming frame 2236/3952
  ██████████████░░░░░░░░░░░  56%  Streaming frame 2242/3952
  ██████████████░░░░░░░░░░░  56%  Streaming frame 2247/3952
  ██████████████░░░░░░░░░░░  56%  Streaming frame 2252/3952
  ██████████████░░░░░░░░░░░  56%  Streaming frame 2258/3952
  ██████████████░░░░░░░░░░░  56%  Streaming frame 2263/3952
  ██████████████░░░░░░░░░░░  57%  Streaming frame 2269/3952
  ██████████████░░░░░░░░░░░  57%  Streaming frame 2274/3952
  ██████████████░░░░░░░░░░░  57%  Streaming frame 2279/3952
  ██████████████░░░░░░░░░░░  57%  Streaming frame 2285/3952
  ██████████████░░░░░░░░░░░  57%  Streaming frame 2290/3952
  ██████████████░░░░░░░░░░░  57%  Streaming frame 2295/3952
  ██████████████░░░░░░░░░░░  57%  Streaming frame 2300/3952
  ██████████████░░░░░░░░░░░  57%  Streaming frame 2305/3952
  ██████████████░░░░░░░░░░░  57%  Streaming frame 2310/3952
  ██████████████░░░░░░░░░░░  57%  Streaming frame 2315/3952
  ██████████████░░░░░░░░░░░  57%  Streaming frame 2320/3952
  ██████████████░░░░░░░░░░░  57%  Streaming frame 2325/3952
  ██████████████░░░░░░░░░░░  57%  Streaming frame 2330/3952
  ██████████████░░░░░░░░░░░  57%  Streaming frame 2335/3952
  ██████████████░░░░░░░░░░░  58%  Streaming frame 2340/3952
  ██████████████░░░░░░░░░░░  58%  Streaming frame 2345/3952
  ██████████████░░░░░░░░░░░  58%  Streaming frame 2350/3952
  ██████████████░░░░░░░░░░░  58%  Streaming frame 2355/3952
  ██████████████░░░░░░░░░░░  58%  Streaming frame 2360/3952
  ██████████████░░░░░░░░░░░  58%  Streaming frame 2365/3952
  ██████████████░░░░░░░░░░░  58%  Streaming frame 2370/3952
  ██████████████░░░░░░░░░░░  58%  Streaming frame 2375/3952
  ██████████████░░░░░░░░░░░  58%  Streaming frame 2380/3952
  ██████████████░░░░░░░░░░░  58%  Streaming frame 2385/3952
  ██████████████░░░░░░░░░░░  58%  Streaming frame 2390/3952
[INFO] [Render:trace] {"renderJobId":"52c26f6e-6689-457a-a506-98923c456060","phase":"capture_streaming","status":"checkpoint","elapsedMs":125159,"message":"stage still running","stagePhase":"capturing","workerCount":1,"forceScreenshot":false,"totalFrames":3952,"framesCompleted":2393,"captureMode":"drawelement","captureOperation":"drawElement","heartbeatIndex":3,"stageElapsedMs":120006}
  ██████████████░░░░░░░░░░░  58%  Streaming frame 2395/3952
  ██████████████░░░░░░░░░░░  58%  Streaming frame 2400/3952
  ██████████████░░░░░░░░░░░  58%  Streaming frame 2405/3952
  ██████████████░░░░░░░░░░░  59%  Streaming frame 2410/3952
  ██████████████░░░░░░░░░░░  59%  Streaming frame 2415/3952
  ██████████████░░░░░░░░░░░  59%  Streaming frame 2420/3952
  ██████████████░░░░░░░░░░░  59%  Streaming frame 2425/3952
  ██████████████░░░░░░░░░░░  59%  Streaming frame 2430/3952
  ██████████████░░░░░░░░░░░  59%  Streaming frame 2435/3952
  ██████████████░░░░░░░░░░░  59%  Streaming frame 2441/3952
  ██████████████░░░░░░░░░░░  59%  Streaming frame 2447/3952
  ██████████████░░░░░░░░░░░  59%  Streaming frame 2453/3952
  ██████████████░░░░░░░░░░░  59%  Streaming frame 2459/3952
  ██████████████░░░░░░░░░░░  59%  Streaming frame 2465/3952
  ██████████████░░░░░░░░░░░  59%  Streaming frame 2471/3952
  ██████████████░░░░░░░░░░░  59%  Streaming frame 2477/3952
  ███████████████░░░░░░░░░░  60%  Streaming frame 2483/3952
  ███████████████░░░░░░░░░░  60%  Streaming frame 2489/3952
  ███████████████░░░░░░░░░░  60%  Streaming frame 2494/3952
  ███████████████░░░░░░░░░░  60%  Streaming frame 2499/3952
  ███████████████░░░░░░░░░░  60%  Streaming frame 2504/3952
  ███████████████░░░░░░░░░░  60%  Streaming frame 2509/3952
  ███████████████░░░░░░░░░░  60%  Streaming frame 2515/3952
  ███████████████░░░░░░░░░░  60%  Streaming frame 2521/3952
  ███████████████░░░░░░░░░░  60%  Streaming frame 2526/3952
  ███████████████░░░░░░░░░░  60%  Streaming frame 2532/3952
  ███████████████░░░░░░░░░░  60%  Streaming frame 2537/3952
  ███████████████░░░░░░░░░░  60%  Streaming frame 2542/3952
  ███████████████░░░░░░░░░░  60%  Streaming frame 2547/3952
  ███████████████░░░░░░░░░░  61%  Streaming frame 2552/3952
  ███████████████░░░░░░░░░░  61%  Streaming frame 2557/3952
  ███████████████░░░░░░░░░░  61%  Streaming frame 2563/3952
  ███████████████░░░░░░░░░░  61%  Streaming frame 2568/3952
  ███████████████░░░░░░░░░░  61%  Streaming frame 2573/3952
  ███████████████░░░░░░░░░░  61%  Streaming frame 2579/3952
  ███████████████░░░░░░░░░░  61%  Streaming frame 2584/3952
  ███████████████░░░░░░░░░░  61%  Streaming frame 2589/3952
  ███████████████░░░░░░░░░░  61%  Streaming frame 2595/3952
  ███████████████░░░░░░░░░░  61%  Streaming frame 2600/3952
  ███████████████░░░░░░░░░░  61%  Streaming frame 2605/3952
  ███████████████░░░░░░░░░░  61%  Streaming frame 2611/3952
  ███████████████░░░░░░░░░░  61%  Streaming frame 2616/3952
  ███████████████░░░░░░░░░░  61%  Streaming frame 2621/3952
  ███████████████░░░░░░░░░░  62%  Streaming frame 2627/3952
  ███████████████░░░░░░░░░░  62%  Streaming frame 2632/3952
  ███████████████░░░░░░░░░░  62%  Streaming frame 2637/3952
  ███████████████░░░░░░░░░░  62%  Streaming frame 2643/3952
  ███████████████░░░░░░░░░░  62%  Streaming frame 2649/3952
  ███████████████░░░░░░░░░░  62%  Streaming frame 2654/3952
  ███████████████░░░░░░░░░░  62%  Streaming frame 2659/3952
  ███████████████░░░░░░░░░░  62%  Streaming frame 2665/3952
  ███████████████░░░░░░░░░░  62%  Streaming frame 2670/3952
  ███████████████░░░░░░░░░░  62%  Streaming frame 2675/3952
  ███████████████░░░░░░░░░░  62%  Streaming frame 2680/3952
  ███████████████░░░░░░░░░░  62%  Streaming frame 2685/3952
  ███████████████░░░░░░░░░░  62%  Streaming frame 2691/3952
  ███████████████░░░░░░░░░░  63%  Streaming frame 2696/3952
  ███████████████░░░░░░░░░░  63%  Streaming frame 2701/3952
  ███████████████░░░░░░░░░░  63%  Streaming frame 2706/3952
  ███████████████░░░░░░░░░░  63%  Streaming frame 2712/3952
  ███████████████░░░░░░░░░░  63%  Streaming frame 2717/3952
  ███████████████░░░░░░░░░░  63%  Streaming frame 2722/3952
  ███████████████░░░░░░░░░░  63%  Streaming frame 2728/3952
  ███████████████░░░░░░░░░░  63%  Streaming frame 2733/3952
  ███████████████░░░░░░░░░░  63%  Streaming frame 2739/3952
  ███████████████░░░░░░░░░░  63%  Streaming frame 2744/3952
  ███████████████░░░░░░░░░░  63%  Streaming frame 2749/3952
  ███████████████░░░░░░░░░░  63%  Streaming frame 2754/3952
  ███████████████░░░░░░░░░░  63%  Streaming frame 2759/3952
  ███████████████░░░░░░░░░░  63%  Streaming frame 2765/3952
  ████████████████░░░░░░░░░  64%  Streaming frame 2770/3952
  ████████████████░░░░░░░░░  64%  Streaming frame 2775/3952
  ████████████████░░░░░░░░░  64%  Streaming frame 2781/3952
  ████████████████░░░░░░░░░  64%  Streaming frame 2786/3952
  ████████████████░░░░░░░░░  64%  Streaming frame 2791/3952
  ████████████████░░░░░░░░░  64%  Streaming frame 2796/3952
  ████████████████░░░░░░░░░  64%  Streaming frame 2801/3952
  ████████████████░░░░░░░░░  64%  Streaming frame 2807/3952
  ████████████████░░░░░░░░░  64%  Streaming frame 2812/3952
  ████████████████░░░░░░░░░  64%  Streaming frame 2818/3952
  ████████████████░░░░░░░░░  64%  Streaming frame 2824/3952
  ████████████████░░░░░░░░░  64%  Streaming frame 2829/3952
  ████████████████░░░░░░░░░  64%  Streaming frame 2835/3952
  ████████████████░░░░░░░░░  65%  Streaming frame 2840/3952
  ████████████████░░░░░░░░░  65%  Streaming frame 2845/3952
  ████████████████░░░░░░░░░  65%  Streaming frame 2850/3952
  ████████████████░░░░░░░░░  65%  Streaming frame 2856/3952
  ████████████████░░░░░░░░░  65%  Streaming frame 2862/3952
  ████████████████░░░░░░░░░  65%  Streaming frame 2867/3952
  ████████████████░░░░░░░░░  65%  Streaming frame 2871/3952
  ████████████████░░░░░░░░░  65%  Streaming frame 2876/3952
  ████████████████░░░░░░░░░  65%  Streaming frame 2882/3952
  ████████████████░░░░░░░░░  65%  Streaming frame 2887/3952
  ████████████████░░░░░░░░░  65%  Streaming frame 2892/3952
  ████████████████░░░░░░░░░  65%  Streaming frame 2898/3952
  ████████████████░░░░░░░░░  65%  Streaming frame 2903/3952
  ████████████████░░░░░░░░░  65%  Streaming frame 2909/3952
  ████████████████░░░░░░░░░  66%  Streaming frame 2914/3952
  ████████████████░░░░░░░░░  66%  Streaming frame 2919/3952
  ████████████████░░░░░░░░░  66%  Streaming frame 2924/3952
  ████████████████░░░░░░░░░  66%  Streaming frame 2929/3952
  ████████████████░░░░░░░░░  66%  Streaming frame 2934/3952
  ████████████████░░░░░░░░░  66%  Streaming frame 2940/3952
  ████████████████░░░░░░░░░  66%  Streaming frame 2946/3952
  ████████████████░░░░░░░░░  66%  Streaming frame 2952/3952
  ████████████████░░░░░░░░░  66%  Streaming frame 2958/3952
  ████████████████░░░░░░░░░  66%  Streaming frame 2964/3952
  ████████████████░░░░░░░░░  66%  Streaming frame 2970/3952
  ████████████████░░░░░░░░░  66%  Streaming frame 2976/3952
  ████████████████░░░░░░░░░  67%  Streaming frame 2982/3952
  ████████████████░░░░░░░░░  67%  Streaming frame 2988/3952
  ████████████████░░░░░░░░░  67%  Streaming frame 2993/3952
  ████████████████░░░░░░░░░  67%  Streaming frame 2998/3952
  ████████████████░░░░░░░░░  67%  Streaming frame 3004/3952
  ████████████████░░░░░░░░░  67%  Streaming frame 3010/3952
  ████████████████░░░░░░░░░  67%  Streaming frame 3015/3952
  ████████████████░░░░░░░░░  67%  Streaming frame 3020/3952
  ████████████████░░░░░░░░░  67%  Streaming frame 3025/3952
  ████████████████░░░░░░░░░  67%  Streaming frame 3030/3952
  ████████████████░░░░░░░░░  67%  Streaming frame 3035/3952
  ████████████████░░░░░░░░░  67%  Streaming frame 3040/3952
  ████████████████░░░░░░░░░  67%  Streaming frame 3045/3952
  ████████████████░░░░░░░░░  67%  Streaming frame 3050/3952
  █████████████████░░░░░░░░  68%  Streaming frame 3055/3952
  █████████████████░░░░░░░░  68%  Streaming frame 3060/3952
  █████████████████░░░░░░░░  68%  Streaming frame 3065/3952
  █████████████████░░░░░░░░  68%  Streaming frame 3071/3952
  █████████████████░░░░░░░░  68%  Streaming frame 3076/3952
  █████████████████░░░░░░░░  68%  Streaming frame 3081/3952
  █████████████████░░░░░░░░  68%  Streaming frame 3087/3952
  █████████████████░░░░░░░░  68%  Streaming frame 3093/3952
  █████████████████░░░░░░░░  68%  Streaming frame 3098/3952
  █████████████████░░░░░░░░  68%  Streaming frame 3103/3952
  █████████████████░░░░░░░░  68%  Streaming frame 3108/3952
  █████████████████░░░░░░░░  68%  Streaming frame 3114/3952
  █████████████████░░░░░░░░  68%  Streaming frame 3119/3952
  █████████████████░░░░░░░░  68%  Streaming frame 3124/3952
  █████████████████░░░░░░░░  69%  Streaming frame 3129/3952
  █████████████████░░░░░░░░  69%  Streaming frame 3135/3952
  █████████████████░░░░░░░░  69%  Streaming frame 3141/3952
  █████████████████░░░░░░░░  69%  Streaming frame 3146/3952
  █████████████████░░░░░░░░  69%  Streaming frame 3151/3952
  █████████████████░░░░░░░░  69%  Streaming frame 3156/3952
  █████████████████░░░░░░░░  69%  Streaming frame 3161/3952
  █████████████████░░░░░░░░  69%  Streaming frame 3166/3952
  █████████████████░░░░░░░░  69%  Streaming frame 3171/3952
  █████████████████░░░░░░░░  69%  Streaming frame 3176/3952
  █████████████████░░░░░░░░  69%  Streaming frame 3181/3952
  █████████████████░░░░░░░░  69%  Streaming frame 3186/3952
  █████████████████░░░░░░░░  69%  Streaming frame 3191/3952
  █████████████████░░░░░░░░  69%  Streaming frame 3196/3952
  █████████████████░░░░░░░░  70%  Streaming frame 3201/3952
  █████████████████░░░░░░░░  70%  Streaming frame 3206/3952
  █████████████████░░░░░░░░  70%  Streaming frame 3211/3952
  █████████████████░░░░░░░░  70%  Streaming frame 3216/3952
  █████████████████░░░░░░░░  70%  Streaming frame 3221/3952
  █████████████████░░░░░░░░  70%  Streaming frame 3226/3952
  █████████████████░░░░░░░░  70%  Streaming frame 3232/3952
  █████████████████░░░░░░░░  70%  Streaming frame 3237/3952
  █████████████████░░░░░░░░  70%  Streaming frame 3242/3952
  █████████████████░░░░░░░░  70%  Streaming frame 3247/3952
  █████████████████░░░░░░░░  70%  Streaming frame 3252/3952
  █████████████████░░░░░░░░  70%  Streaming frame 3257/3952
  █████████████████░░░░░░░░  70%  Streaming frame 3263/3952
  █████████████████░░░░░░░░  70%  Streaming frame 3269/3952
  █████████████████░░░░░░░░  71%  Streaming frame 3274/3952
  █████████████████░░░░░░░░  71%  Streaming frame 3279/3952
  █████████████████░░░░░░░░  71%  Streaming frame 3284/3952
  █████████████████░░░░░░░░  71%  Streaming frame 3289/3952
  █████████████████░░░░░░░░  71%  Streaming frame 3295/3952
  █████████████████░░░░░░░░  71%  Streaming frame 3301/3952
  █████████████████░░░░░░░░  71%  Streaming frame 3307/3952
  █████████████████░░░░░░░░  71%  Streaming frame 3312/3952
  █████████████████░░░░░░░░  71%  Streaming frame 3317/3952
  █████████████████░░░░░░░░  71%  Streaming frame 3322/3952
  █████████████████░░░░░░░░  71%  Streaming frame 3327/3952
  █████████████████░░░░░░░░  71%  Streaming frame 3332/3952
  █████████████████░░░░░░░░  71%  Streaming frame 3337/3952
  ██████████████████░░░░░░░  72%  Streaming frame 3342/3952
  ██████████████████░░░░░░░  72%  Streaming frame 3347/3952
  ██████████████████░░░░░░░  72%  Streaming frame 3352/3952
  ██████████████████░░░░░░░  72%  Streaming frame 3357/3952
  ██████████████████░░░░░░░  72%  Streaming frame 3362/3952
  ██████████████████░░░░░░░  72%  Streaming frame 3367/3952
  ██████████████████░░░░░░░  72%  Streaming frame 3373/3952
  ██████████████████░░░░░░░  72%  Streaming frame 3378/3952
  ██████████████████░░░░░░░  72%  Streaming frame 3383/3952
  ██████████████████░░░░░░░  72%  Streaming frame 3388/3952
  ██████████████████░░░░░░░  72%  Streaming frame 3393/3952
  ██████████████████░░░░░░░  72%  Streaming frame 3398/3952
  ██████████████████░░░░░░░  72%  Streaming frame 3403/3952
  ██████████████████░░░░░░░  72%  Streaming frame 3408/3952
  ██████████████████░░░░░░░  72%  Streaming frame 3413/3952
  ██████████████████░░░░░░░  73%  Streaming frame 3418/3952
  ██████████████████░░░░░░░  73%  Streaming frame 3423/3952
  ██████████████████░░░░░░░  73%  Streaming frame 3428/3952
  ██████████████████░░░░░░░  73%  Streaming frame 3433/3952
  ██████████████████░░░░░░░  73%  Streaming frame 3438/3952
  ██████████████████░░░░░░░  73%  Streaming frame 3443/3952
  ██████████████████░░░░░░░  73%  Streaming frame 3448/3952
  ██████████████████░░░░░░░  73%  Streaming frame 3453/3952
  ██████████████████░░░░░░░  73%  Streaming frame 3458/3952
  ██████████████████░░░░░░░  73%  Streaming frame 3463/3952
  ██████████████████░░░░░░░  73%  Streaming frame 3469/3952
  ██████████████████░░░░░░░  73%  Streaming frame 3474/3952
  ██████████████████░░░░░░░  73%  Streaming frame 3480/3952
  ██████████████████░░░░░░░  74%  Streaming frame 3486/3952
  ██████████████████░░░░░░░  74%  Streaming frame 3491/3952
  ██████████████████░░░░░░░  74%  Streaming frame 3496/3952
  ██████████████████░░░░░░░  74%  Streaming frame 3501/3952
  ██████████████████░░░░░░░  74%  Streaming frame 3507/3952
  ██████████████████░░░░░░░  74%  Streaming frame 3512/3952
  ██████████████████░░░░░░░  74%  Streaming frame 3517/3952
  ██████████████████░░░░░░░  74%  Streaming frame 3522/3952
  ██████████████████░░░░░░░  74%  Streaming frame 3527/3952
  ██████████████████░░░░░░░  74%  Streaming frame 3533/3952
  ██████████████████░░░░░░░  74%  Streaming frame 3538/3952
  ██████████████████░░░░░░░  74%  Streaming frame 3544/3952
  ██████████████████░░░░░░░  74%  Streaming frame 3550/3952
  ██████████████████░░░░░░░  74%  Streaming frame 3555/3952
  ██████████████████░░░░░░░  75%  Streaming frame 3560/3952
  ██████████████████░░░░░░░  75%  Streaming frame 3566/3952
  ██████████████████░░░░░░░  75%  Streaming frame 3571/3952
  ██████████████████░░░░░░░  75%  Streaming frame 3576/3952
  ██████████████████░░░░░░░  75%  Streaming frame 3581/3952
  ██████████████████░░░░░░░  75%  Streaming frame 3586/3952
  ██████████████████░░░░░░░  75%  Streaming frame 3592/3952
  ██████████████████░░░░░░░  75%  Streaming frame 3598/3952
  ██████████████████░░░░░░░  75%  Streaming frame 3604/3952
  ██████████████████░░░░░░░  75%  Streaming frame 3610/3952
  ██████████████████░░░░░░░  75%  Streaming frame 3616/3952
  ██████████████████░░░░░░░  75%  Streaming frame 3622/3952
  ██████████████████░░░░░░░  75%  Streaming frame 3628/3952
  ███████████████████░░░░░░  76%  Streaming frame 3634/3952
  ███████████████████░░░░░░  76%  Streaming frame 3640/3952
  ███████████████████░░░░░░  76%  Streaming frame 3646/3952
  ███████████████████░░░░░░  76%  Streaming frame 3652/3952
  ███████████████████░░░░░░  76%  Streaming frame 3658/3952
  ███████████████████░░░░░░  76%  Streaming frame 3664/3952
  ███████████████████░░░░░░  76%  Streaming frame 3669/3952
  ███████████████████░░░░░░  76%  Streaming frame 3674/3952
  ███████████████████░░░░░░  76%  Streaming frame 3680/3952
  ███████████████████░░░░░░  76%  Streaming frame 3686/3952
  ███████████████████░░░░░░  76%  Streaming frame 3691/3952
  ███████████████████░░░░░░  76%  Streaming frame 3696/3952
  ███████████████████░░░░░░  77%  Streaming frame 3701/3952
  ███████████████████░░░░░░  77%  Streaming frame 3707/3952
  ███████████████████░░░░░░  77%  Streaming frame 3712/3952
  ███████████████████░░░░░░  77%  Streaming frame 3718/3952
  ███████████████████░░░░░░  77%  Streaming frame 3724/3952
  ███████████████████░░░░░░  77%  Streaming frame 3730/3952
  ███████████████████░░░░░░  77%  Streaming frame 3735/3952
  ███████████████████░░░░░░  77%  Streaming frame 3740/3952
  ███████████████████░░░░░░  77%  Streaming frame 3745/3952
  ███████████████████░░░░░░  77%  Streaming frame 3751/3952
  ███████████████████░░░░░░  77%  Streaming frame 3756/3952
  ███████████████████░░░░░░  77%  Streaming frame 3761/3952
  ███████████████████░░░░░░  77%  Streaming frame 3767/3952
  ███████████████████░░░░░░  77%  Streaming frame 3772/3952
  ███████████████████░░░░░░  78%  Streaming frame 3777/3952
  ███████████████████░░░░░░  78%  Streaming frame 3782/3952
  ███████████████████░░░░░░  78%  Streaming frame 3787/3952
  ███████████████████░░░░░░  78%  Streaming frame 3792/3952
  ███████████████████░░░░░░  78%  Streaming frame 3797/3952
  ███████████████████░░░░░░  78%  Streaming frame 3802/3952
  ███████████████████░░░░░░  78%  Streaming frame 3807/3952
  ███████████████████░░░░░░  78%  Streaming frame 3812/3952
  ███████████████████░░░░░░  78%  Streaming frame 3817/3952
  ███████████████████░░░░░░  78%  Streaming frame 3823/3952
  ███████████████████░░░░░░  78%  Streaming frame 3828/3952
  ███████████████████░░░░░░  78%  Streaming frame 3833/3952
  ███████████████████░░░░░░  78%  Streaming frame 3839/3952
  ███████████████████░░░░░░  78%  Streaming frame 3844/3952
  ███████████████████░░░░░░  79%  Streaming frame 3849/3952
  ███████████████████░░░░░░  79%  Streaming frame 3854/3952
  ███████████████████░░░░░░  79%  Streaming frame 3859/3952
  ███████████████████░░░░░░  79%  Streaming frame 3864/3952
  ███████████████████░░░░░░  79%  Streaming frame 3869/3952
  ███████████████████░░░░░░  79%  Streaming frame 3874/3952
  ███████████████████░░░░░░  79%  Streaming frame 3879/3952
  ███████████████████░░░░░░  79%  Streaming frame 3884/3952
  ███████████████████░░░░░░  79%  Streaming frame 3889/3952
  ███████████████████░░░░░░  79%  Streaming frame 3894/3952
  ███████████████████░░░░░░  79%  Streaming frame 3899/3952
  ███████████████████░░░░░░  79%  Streaming frame 3904/3952
  ███████████████████░░░░░░  79%  Streaming frame 3909/3952
  ███████████████████░░░░░░  79%  Streaming frame 3914/3952
  ████████████████████░░░░░  80%  Streaming frame 3920/3952
  ████████████████████░░░░░  80%  Streaming frame 3926/3952
  ████████████████████░░░░░  80%  Streaming frame 3932/3952
  ████████████████████░░░░░  80%  Streaming frame 3938/3952
  ████████████████████░░░░░  80%  Streaming frame 3944/3952
  ████████████████████░░░░░  80%  Streaming frame 3950/3952
  ████████████████████░░░░░  80%  Streaming frame 3952/3952
[INFO] [Render:trace] {"renderJobId":"52c26f6e-6689-457a-a506-98923c456060","phase":"capture_streaming","status":"end","elapsedMs":202628,"durationMs":197475,"stagePhase":"capturing","workerCount":1,"forceScreenshot":false,"totalFrames":3952,"framesCompleted":3952,"captureMode":"drawelement","captureOperation":"encode"}
[INFO] [Render:trace] {"renderJobId":"52c26f6e-6689-457a-a506-98923c456060","phase":"assemble","status":"start","elapsedMs":202629,"stagePhase":"capturing","hasAudio":true,"workerCount":1,"forceScreenshot":false,"totalFrames":3952,"framesCompleted":3952,"captureMode":"drawelement","captureOperation":"encode"}
  ██████████████████████░░░  90%  Assembling final video
[INFO] [Render:trace] {"renderJobId":"52c26f6e-6689-457a-a506-98923c456060","phase":"assemble","status":"end","elapsedMs":206569,"durationMs":3939,"stagePhase":"capturing","hasAudio":true,"workerCount":1,"forceScreenshot":false,"totalFrames":3952,"framesCompleted":3952,"captureMode":"drawelement","captureOperation":"encode"}
[INFO] [Render:trace] {"renderJobId":"52c26f6e-6689-457a-a506-98923c456060","phase":"pipeline","status":"checkpoint","elapsedMs":206610,"message":"artifact validated","totalElapsedMs":206609}
  █████████████████████████  100%  Render complete

◇  /Users/armaanarya/YBAREPO/videos/ep03-public-vs-private/renders/ep03-public-vs-private.mp4
   25.1 MB · 2m 11.7s video · rendered in 3m 26.6s
   screenshot capture · hardware gpu · compile 0.9s · extract 0.0s · audio 3.9s · probe 0.2s · setup 0.3s · capture 3m 17.5s · encode (during capture) 3m 17.5s · assemble 3.9s
