
◆  Rendering ep02-blockchain-transaction → /Users/armaanarya/YBAREPO/videos/ep02-blockchain-transaction/renders/ep02-blockchain-transaction.mp4
   30fps · high · auto workers (10 cores detected)
   GPU: browser GPU (auto-detect)

[?25l│
◇  Browser: cache
[?25h[INFO] [Render] Pipeline started {"renderJobId":"13f3cb9f-097a-4428-8b3a-8b4c57ed2b2c","platform":"darwin","arch":"arm64","nodeVersion":"v26.7.0","fps":{"num":30,"den":1},"format":"mp4","quality":"high","browserGpuMode":"auto","forceScreenshot":false,"protocolTimeout":300000,"browserTimeout":120000,"pageNavigationTimeout":60000,"playerReadyTimeout":45000}
[INFO] [Render:trace] {"renderJobId":"13f3cb9f-097a-4428-8b3a-8b4c57ed2b2c","phase":"pipeline","status":"checkpoint","elapsedMs":1,"message":"started","format":"mp4","quality":"high","browserGpuMode":"auto","forceScreenshot":false,"protocolTimeoutMs":300000,"pageNavigationTimeoutMs":60000,"playerReadyTimeoutMs":45000,"requestedWorkers":"auto"}
[INFO] [Render:trace] {"renderJobId":"13f3cb9f-097a-4428-8b3a-8b4c57ed2b2c","phase":"compile","status":"start","elapsedMs":2,"needsAlpha":false}
  █░░░░░░░░░░░░░░░░░░░░░░░░  5%  Compiling composition
[INFO] [Compiler] Inlined CDN script: https://cdn.jsdelivr.net/npm/gsap@3.14.2/dist/gsap.min.js
[INFO] Compiled composition metadata {"renderJobId":"13f3cb9f-097a-4428-8b3a-8b4c57ed2b2c","entryFile":"index.html","staticDuration":123.52,"width":1920,"height":1080,"videoCount":0,"audioCount":12,"renderModeHints":{"recommendScreenshot":false,"reasons":[]}}
[INFO] [Render:trace] {"renderJobId":"13f3cb9f-097a-4428-8b3a-8b4c57ed2b2c","phase":"compile","status":"end","elapsedMs":572,"durationMs":570,"needsAlpha":false}
[INFO] [Render:trace] {"renderJobId":"13f3cb9f-097a-4428-8b3a-8b4c57ed2b2c","phase":"compile","status":"checkpoint","elapsedMs":573,"message":"composition metadata resolved","width":1920,"height":1080,"videoCount":0,"audioCount":12,"imageCount":1,"deviceScaleFactor":1,"forceScreenshot":false,"compositionHash":"c43d902c8dec0ae0"}
[INFO] [Render:trace] {"renderJobId":"13f3cb9f-097a-4428-8b3a-8b4c57ed2b2c","phase":"browser_probe","status":"start","elapsedMs":573,"forceScreenshot":false,"stagePhase":"calibrating"}
[INFO] [Render:trace] {"renderJobId":"13f3cb9f-097a-4428-8b3a-8b4c57ed2b2c","phase":"browser_probe","status":"end","elapsedMs":681,"durationMs":108,"forceScreenshot":false,"stagePhase":"calibrating"}
[INFO] [Render:trace] {"renderJobId":"13f3cb9f-097a-4428-8b3a-8b4c57ed2b2c","phase":"browser_probe","status":"checkpoint","elapsedMs":682,"message":"duration resolved","durationSeconds":123.52,"totalFrames":3706,"compositionHash":"c43d902c8dec0ae0","beginFrameStalled":false}
[INFO] [Render:trace] {"renderJobId":"13f3cb9f-097a-4428-8b3a-8b4c57ed2b2c","phase":"video_extract","status":"start","elapsedMs":682,"videoCount":0}
  ██░░░░░░░░░░░░░░░░░░░░░░░  10%  Extracting video frames
[INFO] [Render:trace] {"renderJobId":"13f3cb9f-097a-4428-8b3a-8b4c57ed2b2c","phase":"video_extract","status":"end","elapsedMs":682,"durationMs":0,"videoCount":0}
[INFO] [Render:trace] {"renderJobId":"13f3cb9f-097a-4428-8b3a-8b4c57ed2b2c","phase":"video_extract","status":"checkpoint","elapsedMs":687,"message":"frames resolved","videoCount":0,"extractedVideoCount":0,"totalFramesExtracted":0,"maxFramesPerVideo":0,"avgFramesPerExtractedVideo":null,"vfrPreflightCount":null,"vfrPreflightMs":null,"cacheHits":null,"cacheMisses":null,"transientRetries":null,"minVideoFrameCoverageRatio":null,"authoredTimedClipCount":27}
[INFO] [Render] No HDR sources detected — rendering SDR {"renderJobId":"13f3cb9f-097a-4428-8b3a-8b4c57ed2b2c"}
[INFO] [Render:trace] {"renderJobId":"13f3cb9f-097a-4428-8b3a-8b4c57ed2b2c","phase":"hdr_detection","status":"checkpoint","elapsedMs":687,"message":"resolved","requestedHdrMode":"auto","effectiveHdr":"sdr","nativeHdrVideoCount":0,"nativeHdrImageCount":0}
[INFO] [Render:trace] {"renderJobId":"13f3cb9f-097a-4428-8b3a-8b4c57ed2b2c","phase":"audio_process","status":"start","elapsedMs":687,"audioCount":12}
  █████░░░░░░░░░░░░░░░░░░░░  20%  Processing audio tracks
[INFO] [Render:trace] {"renderJobId":"13f3cb9f-097a-4428-8b3a-8b4c57ed2b2c","phase":"audio_process","status":"end","elapsedMs":2575,"durationMs":1888,"audioCount":12}
[INFO] [Render:trace] {"renderJobId":"13f3cb9f-097a-4428-8b3a-8b4c57ed2b2c","phase":"file_server","status":"start","elapsedMs":2575,"reused":false}
  ██████░░░░░░░░░░░░░░░░░░░  25%  Starting frame capture
[INFO] [Render:trace] {"renderJobId":"13f3cb9f-097a-4428-8b3a-8b4c57ed2b2c","phase":"file_server","status":"end","elapsedMs":2578,"durationMs":3}
  ██████░░░░░░░░░░░░░░░░░░░  25%  Checking browser GPU
[hyperframes] browserGpuMode probe → hardware (WebGL renderer vendor="Google Inc. (Apple)" renderer="ANGLE (Apple, ANGLE Metal Renderer: Apple M5, Unspecified Version)")
[INFO] [Render:trace] {"renderJobId":"13f3cb9f-097a-4428-8b3a-8b4c57ed2b2c","phase":"capture_calibration","status":"checkpoint","elapsedMs":2775,"message":"skipped","requestedWorkers":"auto","totalFrames":3706,"htmlInCanvasDetected":false,"lowMemoryMode":false,"deInversionEligible":true,"deParallelRouterEligible":false}
[INFO] [Render] Fast capture: single-worker drawElement streaming preferred over 4-worker screenshot capture (3706 frames >= 900; verified path, measured faster at every worker count). Set HF_DE_SINGLE_MIN_FRAMES=0 or --workers N to override. {"renderJobId":"13f3cb9f-097a-4428-8b3a-8b4c57ed2b2c"}
[INFO] [Render:trace] {"renderJobId":"13f3cb9f-097a-4428-8b3a-8b4c57ed2b2c","phase":"worker_resolution","status":"checkpoint","elapsedMs":2775,"message":"resolved","workerCount":1}
[INFO] streaming-encode gate {"renderJobId":"13f3cb9f-097a-4428-8b3a-8b4c57ed2b2c","enabled":true,"reason":"single_worker","configFlag":true,"durationCapEnabled":false,"outputFormat":"mp4","workerCount":1,"durationSeconds":123.52,"maxDurationSeconds":240}
[INFO] [Render:trace] {"renderJobId":"13f3cb9f-097a-4428-8b3a-8b4c57ed2b2c","phase":"capture_strategy","status":"checkpoint","elapsedMs":2776,"message":"resolved","workerCount":1,"forceScreenshot":false,"captureBeyondViewport":null,"useStreamingEncode":true,"useLayeredComposite":false,"usePageSideCompositing":false,"hasHdrContent":false,"hasShaderTransitions":false,"isPngSequence":false}
[INFO] [Render:trace] {"renderJobId":"13f3cb9f-097a-4428-8b3a-8b4c57ed2b2c","phase":"capture_streaming","status":"start","elapsedMs":2776,"stagePhase":"capturing","workerCount":1,"forceScreenshot":false,"totalFrames":3706,"framesCompleted":0,"captureMode":"drawelement","captureOperation":"drawElement"}
[BrowserManager] Browser launched (HeadlessChrome/152.0.7977.30, screenshot, gl=--use-gl=angle --use-angle=metal, headlessShell=true, platform=darwin)
[initSession:screenshot] page.goto start (0ms)
[HyperFrames] render runtime fps {"canonicalFps":30,"source":"render-options","rawFpsSource":"render-options","rawFps":30}
[initSession:screenshot] page.goto complete (200ms)
[initSession:screenshot] GSAP proxy flush complete (245ms)
[initSession:screenshot] pollHfReady complete (283ms)
[initSession:screenshot] pollSubCompositionTimelines complete (ready) (285ms)
[initSession:screenshot] applyVideoMetadataHints complete (285ms)
[initSession:screenshot] media + fonts + tailwind ready (287ms)
[engine] fast capture: falling back to screenshot capture — filter:drop-shadow detected (drawElementImage cannot reproduce it; see fast-capture-limitations.md)
[initSession:screenshot] static-frame dedup: disabled (eligible) (320ms)
  ██████░░░░░░░░░░░░░░░░░░░  25%  Streaming frame 1/3706
  ██████░░░░░░░░░░░░░░░░░░░  25%  Streaming frame 7/3706
  ██████░░░░░░░░░░░░░░░░░░░  25%  Streaming frame 13/3706
  ██████░░░░░░░░░░░░░░░░░░░  25%  Streaming frame 20/3706
  ██████░░░░░░░░░░░░░░░░░░░  25%  Streaming frame 26/3706
  ██████░░░░░░░░░░░░░░░░░░░  25%  Streaming frame 32/3706
  ██████░░░░░░░░░░░░░░░░░░░  26%  Streaming frame 39/3706
  ██████░░░░░░░░░░░░░░░░░░░  26%  Streaming frame 45/3706
  ██████░░░░░░░░░░░░░░░░░░░  26%  Streaming frame 51/3706
  ██████░░░░░░░░░░░░░░░░░░░  26%  Streaming frame 57/3706
  ██████░░░░░░░░░░░░░░░░░░░  26%  Streaming frame 63/3706
  ██████░░░░░░░░░░░░░░░░░░░  26%  Streaming frame 69/3706
  ██████░░░░░░░░░░░░░░░░░░░  26%  Streaming frame 75/3706
  ██████░░░░░░░░░░░░░░░░░░░  26%  Streaming frame 82/3706
  ██████░░░░░░░░░░░░░░░░░░░  26%  Streaming frame 88/3706
  ██████░░░░░░░░░░░░░░░░░░░  26%  Streaming frame 95/3706
  ██████░░░░░░░░░░░░░░░░░░░  26%  Streaming frame 101/3706
  ██████░░░░░░░░░░░░░░░░░░░  27%  Streaming frame 107/3706
  ██████░░░░░░░░░░░░░░░░░░░  27%  Streaming frame 114/3706
  ██████░░░░░░░░░░░░░░░░░░░  27%  Streaming frame 120/3706
  ██████░░░░░░░░░░░░░░░░░░░  27%  Streaming frame 126/3706
  ██████░░░░░░░░░░░░░░░░░░░  27%  Streaming frame 132/3706
  ██████░░░░░░░░░░░░░░░░░░░  27%  Streaming frame 138/3706
  ██████░░░░░░░░░░░░░░░░░░░  27%  Streaming frame 144/3706
  ██████░░░░░░░░░░░░░░░░░░░  27%  Streaming frame 150/3706
  ██████░░░░░░░░░░░░░░░░░░░  27%  Streaming frame 156/3706
  ██████░░░░░░░░░░░░░░░░░░░  27%  Streaming frame 162/3706
  ██████░░░░░░░░░░░░░░░░░░░  27%  Streaming frame 168/3706
  ███████░░░░░░░░░░░░░░░░░░  28%  Streaming frame 174/3706
  ███████░░░░░░░░░░░░░░░░░░  28%  Streaming frame 180/3706
  ███████░░░░░░░░░░░░░░░░░░  28%  Streaming frame 187/3706
  ███████░░░░░░░░░░░░░░░░░░  28%  Streaming frame 193/3706
  ███████░░░░░░░░░░░░░░░░░░  28%  Streaming frame 199/3706
  ███████░░░░░░░░░░░░░░░░░░  28%  Streaming frame 205/3706
  ███████░░░░░░░░░░░░░░░░░░  28%  Streaming frame 211/3706
  ███████░░░░░░░░░░░░░░░░░░  28%  Streaming frame 218/3706
  ███████░░░░░░░░░░░░░░░░░░  28%  Streaming frame 224/3706
  ███████░░░░░░░░░░░░░░░░░░  28%  Streaming frame 230/3706
  ███████░░░░░░░░░░░░░░░░░░  29%  Streaming frame 237/3706
  ███████░░░░░░░░░░░░░░░░░░  29%  Streaming frame 243/3706
  ███████░░░░░░░░░░░░░░░░░░  29%  Streaming frame 250/3706
  ███████░░░░░░░░░░░░░░░░░░  29%  Streaming frame 256/3706
  ███████░░░░░░░░░░░░░░░░░░  29%  Streaming frame 262/3706
  ███████░░░░░░░░░░░░░░░░░░  29%  Streaming frame 269/3706
  ███████░░░░░░░░░░░░░░░░░░  29%  Streaming frame 275/3706
  ███████░░░░░░░░░░░░░░░░░░  29%  Streaming frame 282/3706
  ███████░░░░░░░░░░░░░░░░░░  29%  Streaming frame 288/3706
  ███████░░░░░░░░░░░░░░░░░░  29%  Streaming frame 294/3706
  ███████░░░░░░░░░░░░░░░░░░  29%  Streaming frame 300/3706
  ███████░░░░░░░░░░░░░░░░░░  30%  Streaming frame 307/3706
  ███████░░░░░░░░░░░░░░░░░░  30%  Streaming frame 313/3706
  ███████░░░░░░░░░░░░░░░░░░  30%  Streaming frame 320/3706
  ███████░░░░░░░░░░░░░░░░░░  30%  Streaming frame 327/3706
  ███████░░░░░░░░░░░░░░░░░░  30%  Streaming frame 333/3706
  ███████░░░░░░░░░░░░░░░░░░  30%  Streaming frame 339/3706
  ███████░░░░░░░░░░░░░░░░░░  30%  Streaming frame 345/3706
  ███████░░░░░░░░░░░░░░░░░░  30%  Streaming frame 352/3706
  ███████░░░░░░░░░░░░░░░░░░  30%  Streaming frame 358/3706
  ███████░░░░░░░░░░░░░░░░░░  30%  Streaming frame 364/3706
  ███████░░░░░░░░░░░░░░░░░░  30%  Streaming frame 370/3706
  ███████░░░░░░░░░░░░░░░░░░  31%  Streaming frame 376/3706
  ███████░░░░░░░░░░░░░░░░░░  31%  Streaming frame 382/3706
  ███████░░░░░░░░░░░░░░░░░░  31%  Streaming frame 388/3706
  ███████░░░░░░░░░░░░░░░░░░  31%  Streaming frame 395/3706
  ███████░░░░░░░░░░░░░░░░░░  31%  Streaming frame 401/3706
  ███████░░░░░░░░░░░░░░░░░░  31%  Streaming frame 407/3706
  ███████░░░░░░░░░░░░░░░░░░  31%  Streaming frame 413/3706
  ███████░░░░░░░░░░░░░░░░░░  31%  Streaming frame 419/3706
  ███████░░░░░░░░░░░░░░░░░░  31%  Streaming frame 425/3706
  ███████░░░░░░░░░░░░░░░░░░  31%  Streaming frame 431/3706
  ████████░░░░░░░░░░░░░░░░░  32%  Streaming frame 438/3706
  ████████░░░░░░░░░░░░░░░░░  32%  Streaming frame 444/3706
  ████████░░░░░░░░░░░░░░░░░  32%  Streaming frame 451/3706
  ████████░░░░░░░░░░░░░░░░░  32%  Streaming frame 457/3706
  ████████░░░░░░░░░░░░░░░░░  32%  Streaming frame 463/3706
  ████████░░░░░░░░░░░░░░░░░  32%  Streaming frame 469/3706
  ████████░░░░░░░░░░░░░░░░░  32%  Streaming frame 475/3706
  ████████░░░░░░░░░░░░░░░░░  32%  Streaming frame 482/3706
  ████████░░░░░░░░░░░░░░░░░  32%  Streaming frame 488/3706
  ████████░░░░░░░░░░░░░░░░░  32%  Streaming frame 495/3706
  ████████░░░░░░░░░░░░░░░░░  32%  Streaming frame 501/3706
  ████████░░░░░░░░░░░░░░░░░  33%  Streaming frame 507/3706
  ████████░░░░░░░░░░░░░░░░░  33%  Streaming frame 514/3706
  ████████░░░░░░░░░░░░░░░░░  33%  Streaming frame 521/3706
  ████████░░░░░░░░░░░░░░░░░  33%  Streaming frame 527/3706
  ████████░░░░░░░░░░░░░░░░░  33%  Streaming frame 533/3706
  ████████░░░░░░░░░░░░░░░░░  33%  Streaming frame 539/3706
  ████████░░░░░░░░░░░░░░░░░  33%  Streaming frame 545/3706
  ████████░░░░░░░░░░░░░░░░░  33%  Streaming frame 551/3706
  ████████░░░░░░░░░░░░░░░░░  33%  Streaming frame 557/3706
  ████████░░░░░░░░░░░░░░░░░  33%  Streaming frame 563/3706
  ████████░░░░░░░░░░░░░░░░░  33%  Streaming frame 569/3706
  ████████░░░░░░░░░░░░░░░░░  34%  Streaming frame 575/3706
  ████████░░░░░░░░░░░░░░░░░  34%  Streaming frame 581/3706
  ████████░░░░░░░░░░░░░░░░░  34%  Streaming frame 587/3706
  ████████░░░░░░░░░░░░░░░░░  34%  Streaming frame 593/3706
  ████████░░░░░░░░░░░░░░░░░  34%  Streaming frame 599/3706
  ████████░░░░░░░░░░░░░░░░░  34%  Streaming frame 605/3706
  ████████░░░░░░░░░░░░░░░░░  34%  Streaming frame 611/3706
  ████████░░░░░░░░░░░░░░░░░  34%  Streaming frame 617/3706
  ████████░░░░░░░░░░░░░░░░░  34%  Streaming frame 624/3706
  ████████░░░░░░░░░░░░░░░░░  34%  Streaming frame 630/3706
  ████████░░░░░░░░░░░░░░░░░  34%  Streaming frame 636/3706
  ████████░░░░░░░░░░░░░░░░░  35%  Streaming frame 642/3706
  ████████░░░░░░░░░░░░░░░░░  35%  Streaming frame 648/3706
  ████████░░░░░░░░░░░░░░░░░  35%  Streaming frame 655/3706
  ████████░░░░░░░░░░░░░░░░░  35%  Streaming frame 662/3706
  ████████░░░░░░░░░░░░░░░░░  35%  Streaming frame 668/3706
  ████████░░░░░░░░░░░░░░░░░  35%  Streaming frame 674/3706
  ████████░░░░░░░░░░░░░░░░░  35%  Streaming frame 680/3706
  ████████░░░░░░░░░░░░░░░░░  35%  Streaming frame 686/3706
  ████████░░░░░░░░░░░░░░░░░  35%  Streaming frame 692/3706
  ████████░░░░░░░░░░░░░░░░░  35%  Streaming frame 698/3706
  ████████░░░░░░░░░░░░░░░░░  35%  Streaming frame 704/3706
[INFO] [Render:trace] {"renderJobId":"13f3cb9f-097a-4428-8b3a-8b4c57ed2b2c","phase":"capture_streaming","status":"checkpoint","elapsedMs":32777,"message":"stage still running","stagePhase":"capturing","workerCount":1,"forceScreenshot":false,"totalFrames":3706,"framesCompleted":707,"captureMode":"drawelement","captureOperation":"drawElement","heartbeatIndex":1,"stageElapsedMs":30001}
  █████████░░░░░░░░░░░░░░░░  36%  Streaming frame 710/3706
  █████████░░░░░░░░░░░░░░░░  36%  Streaming frame 716/3706
  █████████░░░░░░░░░░░░░░░░  36%  Streaming frame 722/3706
  █████████░░░░░░░░░░░░░░░░  36%  Streaming frame 729/3706
  █████████░░░░░░░░░░░░░░░░  36%  Streaming frame 735/3706
  █████████░░░░░░░░░░░░░░░░  36%  Streaming frame 742/3706
  █████████░░░░░░░░░░░░░░░░  36%  Streaming frame 749/3706
  █████████░░░░░░░░░░░░░░░░  36%  Streaming frame 755/3706
  █████████░░░░░░░░░░░░░░░░  36%  Streaming frame 761/3706
  █████████░░░░░░░░░░░░░░░░  36%  Streaming frame 768/3706
  █████████░░░░░░░░░░░░░░░░  37%  Streaming frame 775/3706
  █████████░░░░░░░░░░░░░░░░  37%  Streaming frame 781/3706
  █████████░░░░░░░░░░░░░░░░  37%  Streaming frame 787/3706
  █████████░░░░░░░░░░░░░░░░  37%  Streaming frame 793/3706
  █████████░░░░░░░░░░░░░░░░  37%  Streaming frame 799/3706
  █████████░░░░░░░░░░░░░░░░  37%  Streaming frame 805/3706
  █████████░░░░░░░░░░░░░░░░  37%  Streaming frame 811/3706
  █████████░░░░░░░░░░░░░░░░  37%  Streaming frame 818/3706
  █████████░░░░░░░░░░░░░░░░  37%  Streaming frame 824/3706
  █████████░░░░░░░░░░░░░░░░  37%  Streaming frame 830/3706
  █████████░░░░░░░░░░░░░░░░  37%  Streaming frame 836/3706
  █████████░░░░░░░░░░░░░░░░  37%  Streaming frame 842/3706
  █████████░░░░░░░░░░░░░░░░  38%  Streaming frame 848/3706
  █████████░░░░░░░░░░░░░░░░  38%  Streaming frame 855/3706
  █████████░░░░░░░░░░░░░░░░  38%  Streaming frame 861/3706
  █████████░░░░░░░░░░░░░░░░  38%  Streaming frame 868/3706
  █████████░░░░░░░░░░░░░░░░  38%  Streaming frame 874/3706
  █████████░░░░░░░░░░░░░░░░  38%  Streaming frame 880/3706
  █████████░░░░░░░░░░░░░░░░  38%  Streaming frame 886/3706
  █████████░░░░░░░░░░░░░░░░  38%  Streaming frame 893/3706
  █████████░░░░░░░░░░░░░░░░  38%  Streaming frame 900/3706
  █████████░░░░░░░░░░░░░░░░  38%  Streaming frame 906/3706
  █████████░░░░░░░░░░░░░░░░  39%  Streaming frame 912/3706
  █████████░░░░░░░░░░░░░░░░  39%  Streaming frame 919/3706
  █████████░░░░░░░░░░░░░░░░  39%  Streaming frame 925/3706
  █████████░░░░░░░░░░░░░░░░  39%  Streaming frame 932/3706
  █████████░░░░░░░░░░░░░░░░  39%  Streaming frame 938/3706
  █████████░░░░░░░░░░░░░░░░  39%  Streaming frame 944/3706
  █████████░░░░░░░░░░░░░░░░  39%  Streaming frame 951/3706
  █████████░░░░░░░░░░░░░░░░  39%  Streaming frame 957/3706
  █████████░░░░░░░░░░░░░░░░  39%  Streaming frame 964/3706
  █████████░░░░░░░░░░░░░░░░  39%  Streaming frame 970/3706
  █████████░░░░░░░░░░░░░░░░  39%  Streaming frame 976/3706
  ██████████░░░░░░░░░░░░░░░  40%  Streaming frame 983/3706
  ██████████░░░░░░░░░░░░░░░  40%  Streaming frame 989/3706
  ██████████░░░░░░░░░░░░░░░  40%  Streaming frame 995/3706
  ██████████░░░░░░░░░░░░░░░  40%  Streaming frame 1001/3706
  ██████████░░░░░░░░░░░░░░░  40%  Streaming frame 1007/3706
  ██████████░░░░░░░░░░░░░░░  40%  Streaming frame 1013/3706
  ██████████░░░░░░░░░░░░░░░  40%  Streaming frame 1019/3706
  ██████████░░░░░░░░░░░░░░░  40%  Streaming frame 1025/3706
  ██████████░░░░░░░░░░░░░░░  40%  Streaming frame 1031/3706
  ██████████░░░░░░░░░░░░░░░  40%  Streaming frame 1038/3706
  ██████████░░░░░░░░░░░░░░░  40%  Streaming frame 1044/3706
  ██████████░░░░░░░░░░░░░░░  41%  Streaming frame 1050/3706
  ██████████░░░░░░░░░░░░░░░  41%  Streaming frame 1056/3706
  ██████████░░░░░░░░░░░░░░░  41%  Streaming frame 1063/3706
  ██████████░░░░░░░░░░░░░░░  41%  Streaming frame 1070/3706
  ██████████░░░░░░░░░░░░░░░  41%  Streaming frame 1076/3706
  ██████████░░░░░░░░░░░░░░░  41%  Streaming frame 1082/3706
  ██████████░░░░░░░░░░░░░░░  41%  Streaming frame 1088/3706
  ██████████░░░░░░░░░░░░░░░  41%  Streaming frame 1094/3706
  ██████████░░░░░░░░░░░░░░░  41%  Streaming frame 1100/3706
  ██████████░░░░░░░░░░░░░░░  41%  Streaming frame 1106/3706
  ██████████░░░░░░░░░░░░░░░  42%  Streaming frame 1112/3706
  ██████████░░░░░░░░░░░░░░░  42%  Streaming frame 1118/3706
  ██████████░░░░░░░░░░░░░░░  42%  Streaming frame 1125/3706
  ██████████░░░░░░░░░░░░░░░  42%  Streaming frame 1131/3706
  ██████████░░░░░░░░░░░░░░░  42%  Streaming frame 1137/3706
  ██████████░░░░░░░░░░░░░░░  42%  Streaming frame 1143/3706
  ██████████░░░░░░░░░░░░░░░  42%  Streaming frame 1149/3706
  ██████████░░░░░░░░░░░░░░░  42%  Streaming frame 1156/3706
  ██████████░░░░░░░░░░░░░░░  42%  Streaming frame 1163/3706
  ██████████░░░░░░░░░░░░░░░  42%  Streaming frame 1170/3706
  ██████████░░░░░░░░░░░░░░░  42%  Streaming frame 1176/3706
  ██████████░░░░░░░░░░░░░░░  43%  Streaming frame 1182/3706
  ██████████░░░░░░░░░░░░░░░  43%  Streaming frame 1188/3706
  ██████████░░░░░░░░░░░░░░░  43%  Streaming frame 1194/3706
  ██████████░░░░░░░░░░░░░░░  43%  Streaming frame 1200/3706
  ██████████░░░░░░░░░░░░░░░  43%  Streaming frame 1207/3706
  ██████████░░░░░░░░░░░░░░░  43%  Streaming frame 1213/3706
  ██████████░░░░░░░░░░░░░░░  43%  Streaming frame 1220/3706
  ██████████░░░░░░░░░░░░░░░  43%  Streaming frame 1227/3706
  ██████████░░░░░░░░░░░░░░░  43%  Streaming frame 1234/3706
  ██████████░░░░░░░░░░░░░░░  43%  Streaming frame 1240/3706
  ██████████░░░░░░░░░░░░░░░  43%  Streaming frame 1246/3706
  ███████████░░░░░░░░░░░░░░  44%  Streaming frame 1252/3706
  ███████████░░░░░░░░░░░░░░  44%  Streaming frame 1259/3706
  ███████████░░░░░░░░░░░░░░  44%  Streaming frame 1265/3706
  ███████████░░░░░░░░░░░░░░  44%  Streaming frame 1271/3706
  ███████████░░░░░░░░░░░░░░  44%  Streaming frame 1277/3706
  ███████████░░░░░░░░░░░░░░  44%  Streaming frame 1284/3706
  ███████████░░░░░░░░░░░░░░  44%  Streaming frame 1290/3706
  ███████████░░░░░░░░░░░░░░  44%  Streaming frame 1296/3706
  ███████████░░░░░░░░░░░░░░  44%  Streaming frame 1302/3706
  ███████████░░░░░░░░░░░░░░  44%  Streaming frame 1308/3706
  ███████████░░░░░░░░░░░░░░  45%  Streaming frame 1315/3706
  ███████████░░░░░░░░░░░░░░  45%  Streaming frame 1321/3706
  ███████████░░░░░░░░░░░░░░  45%  Streaming frame 1327/3706
  ███████████░░░░░░░░░░░░░░  45%  Streaming frame 1334/3706
  ███████████░░░░░░░░░░░░░░  45%  Streaming frame 1340/3706
  ███████████░░░░░░░░░░░░░░  45%  Streaming frame 1346/3706
  ███████████░░░░░░░░░░░░░░  45%  Streaming frame 1352/3706
  ███████████░░░░░░░░░░░░░░  45%  Streaming frame 1358/3706
  ███████████░░░░░░░░░░░░░░  45%  Streaming frame 1364/3706
  ███████████░░░░░░░░░░░░░░  45%  Streaming frame 1370/3706
  ███████████░░░░░░░░░░░░░░  45%  Streaming frame 1376/3706
  ███████████░░░░░░░░░░░░░░  46%  Streaming frame 1382/3706
  ███████████░░░░░░░░░░░░░░  46%  Streaming frame 1387/3706
  ███████████░░░░░░░░░░░░░░  46%  Streaming frame 1393/3706
  ███████████░░░░░░░░░░░░░░  46%  Streaming frame 1399/3706
  ███████████░░░░░░░░░░░░░░  46%  Streaming frame 1405/3706
  ███████████░░░░░░░░░░░░░░  46%  Streaming frame 1410/3706
  ███████████░░░░░░░░░░░░░░  46%  Streaming frame 1417/3706
[INFO] [Render:trace] {"renderJobId":"13f3cb9f-097a-4428-8b3a-8b4c57ed2b2c","phase":"capture_streaming","status":"checkpoint","elapsedMs":62778,"message":"stage still running","stagePhase":"capturing","workerCount":1,"forceScreenshot":false,"totalFrames":3706,"framesCompleted":1420,"captureMode":"drawelement","captureOperation":"drawElement","heartbeatIndex":2,"stageElapsedMs":60002}
  ███████████░░░░░░░░░░░░░░  46%  Streaming frame 1423/3706
  ███████████░░░░░░░░░░░░░░  46%  Streaming frame 1428/3706
  ███████████░░░░░░░░░░░░░░  46%  Streaming frame 1434/3706
  ███████████░░░░░░░░░░░░░░  46%  Streaming frame 1441/3706
  ███████████░░░░░░░░░░░░░░  46%  Streaming frame 1447/3706
  ███████████░░░░░░░░░░░░░░  47%  Streaming frame 1453/3706
  ███████████░░░░░░░░░░░░░░  47%  Streaming frame 1460/3706
  ███████████░░░░░░░░░░░░░░  47%  Streaming frame 1467/3706
  ███████████░░░░░░░░░░░░░░  47%  Streaming frame 1473/3706
  ███████████░░░░░░░░░░░░░░  47%  Streaming frame 1479/3706
  ███████████░░░░░░░░░░░░░░  47%  Streaming frame 1485/3706
  ███████████░░░░░░░░░░░░░░  47%  Streaming frame 1491/3706
  ███████████░░░░░░░░░░░░░░  47%  Streaming frame 1497/3706
  ███████████░░░░░░░░░░░░░░  47%  Streaming frame 1503/3706
  ███████████░░░░░░░░░░░░░░  47%  Streaming frame 1509/3706
  ███████████░░░░░░░░░░░░░░  47%  Streaming frame 1516/3706
  ████████████░░░░░░░░░░░░░  48%  Streaming frame 1522/3706
  ████████████░░░░░░░░░░░░░  48%  Streaming frame 1528/3706
  ████████████░░░░░░░░░░░░░  48%  Streaming frame 1534/3706
  ████████████░░░░░░░░░░░░░  48%  Streaming frame 1540/3706
  ████████████░░░░░░░░░░░░░  48%  Streaming frame 1546/3706
  ████████████░░░░░░░░░░░░░  48%  Streaming frame 1552/3706
  ████████████░░░░░░░░░░░░░  48%  Streaming frame 1558/3706
  ████████████░░░░░░░░░░░░░  48%  Streaming frame 1564/3706
  ████████████░░░░░░░░░░░░░  48%  Streaming frame 1570/3706
  ████████████░░░░░░░░░░░░░  48%  Streaming frame 1576/3706
  ████████████░░░░░░░░░░░░░  48%  Streaming frame 1583/3706
  ████████████░░░░░░░░░░░░░  49%  Streaming frame 1589/3706
  ████████████░░░░░░░░░░░░░  49%  Streaming frame 1596/3706
  ████████████░░░░░░░░░░░░░  49%  Streaming frame 1602/3706
  ████████████░░░░░░░░░░░░░  49%  Streaming frame 1609/3706
  ████████████░░░░░░░░░░░░░  49%  Streaming frame 1615/3706
  ████████████░░░░░░░░░░░░░  49%  Streaming frame 1621/3706
  ████████████░░░░░░░░░░░░░  49%  Streaming frame 1627/3706
  ████████████░░░░░░░░░░░░░  49%  Streaming frame 1633/3706
  ████████████░░░░░░░░░░░░░  49%  Streaming frame 1640/3706
  ████████████░░░░░░░░░░░░░  49%  Streaming frame 1645/3706
  ████████████░░░░░░░░░░░░░  50%  Streaming frame 1651/3706
  ████████████░░░░░░░░░░░░░  50%  Streaming frame 1658/3706
  ████████████░░░░░░░░░░░░░  50%  Streaming frame 1664/3706
  ████████████░░░░░░░░░░░░░  50%  Streaming frame 1670/3706
  ████████████░░░░░░░░░░░░░  50%  Streaming frame 1676/3706
  ████████████░░░░░░░░░░░░░  50%  Streaming frame 1683/3706
  ████████████░░░░░░░░░░░░░  50%  Streaming frame 1689/3706
  ████████████░░░░░░░░░░░░░  50%  Streaming frame 1695/3706
  ████████████░░░░░░░░░░░░░  50%  Streaming frame 1701/3706
  ████████████░░░░░░░░░░░░░  50%  Streaming frame 1708/3706
  ████████████░░░░░░░░░░░░░  50%  Streaming frame 1714/3706
  ████████████░░░░░░░░░░░░░  51%  Streaming frame 1720/3706
  ████████████░░░░░░░░░░░░░  51%  Streaming frame 1727/3706
  ████████████░░░░░░░░░░░░░  51%  Streaming frame 1733/3706
  ████████████░░░░░░░░░░░░░  51%  Streaming frame 1740/3706
  ████████████░░░░░░░░░░░░░  51%  Streaming frame 1746/3706
  ████████████░░░░░░░░░░░░░  51%  Streaming frame 1753/3706
  ████████████░░░░░░░░░░░░░  51%  Streaming frame 1760/3706
  ████████████░░░░░░░░░░░░░  51%  Streaming frame 1766/3706
  ████████████░░░░░░░░░░░░░  51%  Streaming frame 1772/3706
  ████████████░░░░░░░░░░░░░  51%  Streaming frame 1778/3706
  ████████████░░░░░░░░░░░░░  51%  Streaming frame 1784/3706
  █████████████░░░░░░░░░░░░  52%  Streaming frame 1791/3706
  █████████████░░░░░░░░░░░░  52%  Streaming frame 1797/3706
  █████████████░░░░░░░░░░░░  52%  Streaming frame 1804/3706
  █████████████░░░░░░░░░░░░  52%  Streaming frame 1810/3706
  █████████████░░░░░░░░░░░░  52%  Streaming frame 1816/3706
  █████████████░░░░░░░░░░░░  52%  Streaming frame 1822/3706
  █████████████░░░░░░░░░░░░  52%  Streaming frame 1828/3706
  █████████████░░░░░░░░░░░░  52%  Streaming frame 1834/3706
  █████████████░░░░░░░░░░░░  52%  Streaming frame 1840/3706
  █████████████░░░░░░░░░░░░  52%  Streaming frame 1846/3706
  █████████████░░░░░░░░░░░░  52%  Streaming frame 1852/3706
  █████████████░░░░░░░░░░░░  53%  Streaming frame 1857/3706
  █████████████░░░░░░░░░░░░  53%  Streaming frame 1863/3706
  █████████████░░░░░░░░░░░░  53%  Streaming frame 1869/3706
  █████████████░░░░░░░░░░░░  53%  Streaming frame 1876/3706
  █████████████░░░░░░░░░░░░  53%  Streaming frame 1882/3706
  █████████████░░░░░░░░░░░░  53%  Streaming frame 1889/3706
  █████████████░░░░░░░░░░░░  53%  Streaming frame 1895/3706
  █████████████░░░░░░░░░░░░  53%  Streaming frame 1901/3706
  █████████████░░░░░░░░░░░░  53%  Streaming frame 1908/3706
  █████████████░░░░░░░░░░░░  53%  Streaming frame 1914/3706
  █████████████░░░░░░░░░░░░  54%  Streaming frame 1921/3706
  █████████████░░░░░░░░░░░░  54%  Streaming frame 1927/3706
  █████████████░░░░░░░░░░░░  54%  Streaming frame 1933/3706
  █████████████░░░░░░░░░░░░  54%  Streaming frame 1939/3706
  █████████████░░░░░░░░░░░░  54%  Streaming frame 1945/3706
  █████████████░░░░░░░░░░░░  54%  Streaming frame 1951/3706
  █████████████░░░░░░░░░░░░  54%  Streaming frame 1957/3706
  █████████████░░░░░░░░░░░░  54%  Streaming frame 1963/3706
  █████████████░░░░░░░░░░░░  54%  Streaming frame 1969/3706
  █████████████░░░░░░░░░░░░  54%  Streaming frame 1976/3706
  █████████████░░░░░░░░░░░░  54%  Streaming frame 1982/3706
  █████████████░░░░░░░░░░░░  55%  Streaming frame 1989/3706
  █████████████░░░░░░░░░░░░  55%  Streaming frame 1995/3706
  █████████████░░░░░░░░░░░░  55%  Streaming frame 2002/3706
  █████████████░░░░░░░░░░░░  55%  Streaming frame 2008/3706
  █████████████░░░░░░░░░░░░  55%  Streaming frame 2014/3706
  █████████████░░░░░░░░░░░░  55%  Streaming frame 2021/3706
  █████████████░░░░░░░░░░░░  55%  Streaming frame 2028/3706
  █████████████░░░░░░░░░░░░  55%  Streaming frame 2035/3706
  █████████████░░░░░░░░░░░░  55%  Streaming frame 2041/3706
  █████████████░░░░░░░░░░░░  55%  Streaming frame 2047/3706
  █████████████░░░░░░░░░░░░  55%  Streaming frame 2054/3706
  ██████████████░░░░░░░░░░░  56%  Streaming frame 2060/3706
  ██████████████░░░░░░░░░░░  56%  Streaming frame 2067/3706
  ██████████████░░░░░░░░░░░  56%  Streaming frame 2073/3706
  ██████████████░░░░░░░░░░░  56%  Streaming frame 2079/3706
  ██████████████░░░░░░░░░░░  56%  Streaming frame 2086/3706
  ██████████████░░░░░░░░░░░  56%  Streaming frame 2092/3706
  ██████████████░░░░░░░░░░░  56%  Streaming frame 2098/3706
  ██████████████░░░░░░░░░░░  56%  Streaming frame 2104/3706
  ██████████████░░░░░░░░░░░  56%  Streaming frame 2110/3706
  ██████████████░░░░░░░░░░░  56%  Streaming frame 2116/3706
  ██████████████░░░░░░░░░░░  56%  Streaming frame 2122/3706
  ██████████████░░░░░░░░░░░  57%  Streaming frame 2129/3706
  ██████████████░░░░░░░░░░░  57%  Streaming frame 2135/3706
  ██████████████░░░░░░░░░░░  57%  Streaming frame 2141/3706
  ██████████████░░░░░░░░░░░  57%  Streaming frame 2147/3706
  ██████████████░░░░░░░░░░░  57%  Streaming frame 2153/3706
  ██████████████░░░░░░░░░░░  57%  Streaming frame 2159/3706
  ██████████████░░░░░░░░░░░  57%  Streaming frame 2165/3706
  ██████████████░░░░░░░░░░░  57%  Streaming frame 2171/3706
  ██████████████░░░░░░░░░░░  57%  Streaming frame 2177/3706
  ██████████████░░░░░░░░░░░  57%  Streaming frame 2183/3706
  ██████████████░░░░░░░░░░░  58%  Streaming frame 2190/3706
  ██████████████░░░░░░░░░░░  58%  Streaming frame 2196/3706
  ██████████████░░░░░░░░░░░  58%  Streaming frame 2202/3706
  ██████████████░░░░░░░░░░░  58%  Streaming frame 2208/3706
  ██████████████░░░░░░░░░░░  58%  Streaming frame 2215/3706
  ██████████████░░░░░░░░░░░  58%  Streaming frame 2221/3706
  ██████████████░░░░░░░░░░░  58%  Streaming frame 2227/3706
  ██████████████░░░░░░░░░░░  58%  Streaming frame 2233/3706
  ██████████████░░░░░░░░░░░  58%  Streaming frame 2239/3706
  ██████████████░░░░░░░░░░░  58%  Streaming frame 2246/3706
  ██████████████░░░░░░░░░░░  58%  Streaming frame 2252/3706
  ██████████████░░░░░░░░░░░  59%  Streaming frame 2258/3706
  ██████████████░░░░░░░░░░░  59%  Streaming frame 2264/3706
  ██████████████░░░░░░░░░░░  59%  Streaming frame 2270/3706
  ██████████████░░░░░░░░░░░  59%  Streaming frame 2276/3706
  ██████████████░░░░░░░░░░░  59%  Streaming frame 2282/3706
  ██████████████░░░░░░░░░░░  59%  Streaming frame 2288/3706
  ██████████████░░░░░░░░░░░  59%  Streaming frame 2294/3706
  ██████████████░░░░░░░░░░░  59%  Streaming frame 2300/3706
  ██████████████░░░░░░░░░░░  59%  Streaming frame 2307/3706
  ██████████████░░░░░░░░░░░  59%  Streaming frame 2313/3706
  ██████████████░░░░░░░░░░░  59%  Streaming frame 2320/3706
  ███████████████░░░░░░░░░░  60%  Streaming frame 2326/3706
  ███████████████░░░░░░░░░░  60%  Streaming frame 2332/3706
  ███████████████░░░░░░░░░░  60%  Streaming frame 2339/3706
  ███████████████░░░░░░░░░░  60%  Streaming frame 2345/3706
  ███████████████░░░░░░░░░░  60%  Streaming frame 2352/3706
  ███████████████░░░░░░░░░░  60%  Streaming frame 2359/3706
  ███████████████░░░░░░░░░░  60%  Streaming frame 2365/3706
  ███████████████░░░░░░░░░░  60%  Streaming frame 2371/3706
  ███████████████░░░░░░░░░░  60%  Streaming frame 2377/3706
  ███████████████░░░░░░░░░░  60%  Streaming frame 2384/3706
  ███████████████░░░░░░░░░░  60%  Streaming frame 2390/3706
  ███████████████░░░░░░░░░░  61%  Streaming frame 2397/3706
  ███████████████░░░░░░░░░░  61%  Streaming frame 2404/3706
  ███████████████░░░░░░░░░░  61%  Streaming frame 2410/3706
  ███████████████░░░░░░░░░░  61%  Streaming frame 2416/3706
  ███████████████░░░░░░░░░░  61%  Streaming frame 2422/3706
  ███████████████░░░░░░░░░░  61%  Streaming frame 2429/3706
  ███████████████░░░░░░░░░░  61%  Streaming frame 2435/3706
  ███████████████░░░░░░░░░░  61%  Streaming frame 2441/3706
  ███████████████░░░░░░░░░░  61%  Streaming frame 2448/3706
  ███████████████░░░░░░░░░░  61%  Streaming frame 2454/3706
  ███████████████░░░░░░░░░░  62%  Streaming frame 2461/3706
  ███████████████░░░░░░░░░░  62%  Streaming frame 2468/3706
  ███████████████░░░░░░░░░░  62%  Streaming frame 2474/3706
  ███████████████░░░░░░░░░░  62%  Streaming frame 2481/3706
  ███████████████░░░░░░░░░░  62%  Streaming frame 2487/3706
  ███████████████░░░░░░░░░░  62%  Streaming frame 2493/3706
  ███████████████░░░░░░░░░░  62%  Streaming frame 2500/3706
  ███████████████░░░░░░░░░░  62%  Streaming frame 2506/3706
  ███████████████░░░░░░░░░░  62%  Streaming frame 2512/3706
  ███████████████░░░░░░░░░░  62%  Streaming frame 2519/3706
  ███████████████░░░░░░░░░░  62%  Streaming frame 2526/3706
  ███████████████░░░░░░░░░░  63%  Streaming frame 2532/3706
  ███████████████░░░░░░░░░░  63%  Streaming frame 2539/3706
  ███████████████░░░░░░░░░░  63%  Streaming frame 2545/3706
  ███████████████░░░░░░░░░░  63%  Streaming frame 2551/3706
  ███████████████░░░░░░░░░░  63%  Streaming frame 2557/3706
  ███████████████░░░░░░░░░░  63%  Streaming frame 2564/3706
  ███████████████░░░░░░░░░░  63%  Streaming frame 2570/3706
  ███████████████░░░░░░░░░░  63%  Streaming frame 2576/3706
  ███████████████░░░░░░░░░░  63%  Streaming frame 2582/3706
  ███████████████░░░░░░░░░░  63%  Streaming frame 2589/3706
  ████████████████░░░░░░░░░  64%  Streaming frame 2595/3706
  ████████████████░░░░░░░░░  64%  Streaming frame 2601/3706
  ████████████████░░░░░░░░░  64%  Streaming frame 2608/3706
  ████████████████░░░░░░░░░  64%  Streaming frame 2614/3706
  ████████████████░░░░░░░░░  64%  Streaming frame 2621/3706
  ████████████████░░░░░░░░░  64%  Streaming frame 2628/3706
  ████████████████░░░░░░░░░  64%  Streaming frame 2634/3706
  ████████████████░░░░░░░░░  64%  Streaming frame 2641/3706
  ████████████████░░░░░░░░░  64%  Streaming frame 2647/3706
  ████████████████░░░░░░░░░  64%  Streaming frame 2653/3706
  ████████████████░░░░░░░░░  64%  Streaming frame 2659/3706
  ████████████████░░░░░░░░░  65%  Streaming frame 2666/3706
  ████████████████░░░░░░░░░  65%  Streaming frame 2673/3706
  ████████████████░░░░░░░░░  65%  Streaming frame 2679/3706
  ████████████████░░░░░░░░░  65%  Streaming frame 2685/3706
  ████████████████░░░░░░░░░  65%  Streaming frame 2692/3706
  ████████████████░░░░░░░░░  65%  Streaming frame 2698/3706
  ████████████████░░░░░░░░░  65%  Streaming frame 2704/3706
  ████████████████░░░░░░░░░  65%  Streaming frame 2710/3706
  ████████████████░░░░░░░░░  65%  Streaming frame 2716/3706
  ████████████████░░░░░░░░░  65%  Streaming frame 2722/3706
  ████████████████░░░░░░░░░  65%  Streaming frame 2728/3706
  ████████████████░░░░░░░░░  66%  Streaming frame 2734/3706
  ████████████████░░░░░░░░░  66%  Streaming frame 2741/3706
  ████████████████░░░░░░░░░  66%  Streaming frame 2747/3706
  ████████████████░░░░░░░░░  66%  Streaming frame 2753/3706
  ████████████████░░░░░░░░░  66%  Streaming frame 2760/3706
  ████████████████░░░░░░░░░  66%  Streaming frame 2766/3706
  ████████████████░░░░░░░░░  66%  Streaming frame 2772/3706
  ████████████████░░░░░░░░░  66%  Streaming frame 2778/3706
  ████████████████░░░░░░░░░  66%  Streaming frame 2784/3706
  ████████████████░░░░░░░░░  66%  Streaming frame 2790/3706
  ████████████████░░░░░░░░░  67%  Streaming frame 2797/3706
  ████████████████░░░░░░░░░  67%  Streaming frame 2803/3706
  ████████████████░░░░░░░░░  67%  Streaming frame 2809/3706
  ████████████████░░░░░░░░░  67%  Streaming frame 2815/3706
  ████████████████░░░░░░░░░  67%  Streaming frame 2821/3706
  ████████████████░░░░░░░░░  67%  Streaming frame 2828/3706
  ████████████████░░░░░░░░░  67%  Streaming frame 2835/3706
  ████████████████░░░░░░░░░  67%  Streaming frame 2841/3706
  ████████████████░░░░░░░░░  67%  Streaming frame 2847/3706
[INFO] [Render:trace] {"renderJobId":"13f3cb9f-097a-4428-8b3a-8b4c57ed2b2c","phase":"capture_streaming","status":"checkpoint","elapsedMs":122781,"message":"stage still running","stagePhase":"capturing","workerCount":1,"forceScreenshot":false,"totalFrames":3706,"framesCompleted":2848,"captureMode":"drawelement","captureOperation":"drawElement","heartbeatIndex":3,"stageElapsedMs":120005}
  ████████████████░░░░░░░░░  67%  Streaming frame 2854/3706
  ████████████████░░░░░░░░░  67%  Streaming frame 2860/3706
  █████████████████░░░░░░░░  68%  Streaming frame 2866/3706
  █████████████████░░░░░░░░  68%  Streaming frame 2873/3706
  █████████████████░░░░░░░░  68%  Streaming frame 2879/3706
  █████████████████░░░░░░░░  68%  Streaming frame 2885/3706
  █████████████████░░░░░░░░  68%  Streaming frame 2892/3706
  █████████████████░░░░░░░░  68%  Streaming frame 2898/3706
  █████████████████░░░░░░░░  68%  Streaming frame 2905/3706
  █████████████████░░░░░░░░  68%  Streaming frame 2911/3706
  █████████████████░░░░░░░░  68%  Streaming frame 2917/3706
  █████████████████░░░░░░░░  68%  Streaming frame 2923/3706
  █████████████████░░░░░░░░  68%  Streaming frame 2929/3706
  █████████████████░░░░░░░░  69%  Streaming frame 2935/3706
  █████████████████░░░░░░░░  69%  Streaming frame 2941/3706
  █████████████████░░░░░░░░  69%  Streaming frame 2947/3706
  █████████████████░░░░░░░░  69%  Streaming frame 2953/3706
  █████████████████░░░░░░░░  69%  Streaming frame 2960/3706
  █████████████████░░░░░░░░  69%  Streaming frame 2967/3706
  █████████████████░░░░░░░░  69%  Streaming frame 2974/3706
  █████████████████░░░░░░░░  69%  Streaming frame 2980/3706
  █████████████████░░░░░░░░  69%  Streaming frame 2986/3706
  █████████████████░░░░░░░░  69%  Streaming frame 2992/3706
  █████████████████░░░░░░░░  70%  Streaming frame 2999/3706
  █████████████████░░░░░░░░  70%  Streaming frame 3005/3706
  █████████████████░░░░░░░░  70%  Streaming frame 3011/3706
  █████████████████░░░░░░░░  70%  Streaming frame 3017/3706
  █████████████████░░░░░░░░  70%  Streaming frame 3023/3706
  █████████████████░░░░░░░░  70%  Streaming frame 3029/3706
  █████████████████░░░░░░░░  70%  Streaming frame 3036/3706
  █████████████████░░░░░░░░  70%  Streaming frame 3042/3706
  █████████████████░░░░░░░░  70%  Streaming frame 3048/3706
  █████████████████░░░░░░░░  70%  Streaming frame 3055/3706
  █████████████████░░░░░░░░  70%  Streaming frame 3061/3706
  █████████████████░░░░░░░░  71%  Streaming frame 3067/3706
  █████████████████░░░░░░░░  71%  Streaming frame 3073/3706
  █████████████████░░░░░░░░  71%  Streaming frame 3079/3706
  █████████████████░░░░░░░░  71%  Streaming frame 3086/3706
  █████████████████░░░░░░░░  71%  Streaming frame 3092/3706
  █████████████████░░░░░░░░  71%  Streaming frame 3098/3706
  █████████████████░░░░░░░░  71%  Streaming frame 3104/3706
  █████████████████░░░░░░░░  71%  Streaming frame 3111/3706
  █████████████████░░░░░░░░  71%  Streaming frame 3117/3706
  █████████████████░░░░░░░░  71%  Streaming frame 3123/3706
  █████████████████░░░░░░░░  71%  Streaming frame 3129/3706
  ██████████████████░░░░░░░  72%  Streaming frame 3135/3706
  ██████████████████░░░░░░░  72%  Streaming frame 3141/3706
  ██████████████████░░░░░░░  72%  Streaming frame 3147/3706
  ██████████████████░░░░░░░  72%  Streaming frame 3153/3706
  ██████████████████░░░░░░░  72%  Streaming frame 3159/3706
  ██████████████████░░░░░░░  72%  Streaming frame 3165/3706
  ██████████████████░░░░░░░  72%  Streaming frame 3171/3706
  ██████████████████░░░░░░░  72%  Streaming frame 3177/3706
  ██████████████████░░░░░░░  72%  Streaming frame 3183/3706
  ██████████████████░░░░░░░  72%  Streaming frame 3189/3706
  ██████████████████░░░░░░░  72%  Streaming frame 3195/3706
  ██████████████████░░░░░░░  73%  Streaming frame 3201/3706
  ██████████████████░░░░░░░  73%  Streaming frame 3207/3706
  ██████████████████░░░░░░░  73%  Streaming frame 3214/3706
  ██████████████████░░░░░░░  73%  Streaming frame 3221/3706
  ██████████████████░░░░░░░  73%  Streaming frame 3227/3706
  ██████████████████░░░░░░░  73%  Streaming frame 3234/3706
  ██████████████████░░░░░░░  73%  Streaming frame 3240/3706
  ██████████████████░░░░░░░  73%  Streaming frame 3246/3706
  ██████████████████░░░░░░░  73%  Streaming frame 3252/3706
  ██████████████████░░░░░░░  73%  Streaming frame 3258/3706
  ██████████████████░░░░░░░  73%  Streaming frame 3264/3706
  ██████████████████░░░░░░░  74%  Streaming frame 3270/3706
  ██████████████████░░░░░░░  74%  Streaming frame 3277/3706
  ██████████████████░░░░░░░  74%  Streaming frame 3283/3706
  ██████████████████░░░░░░░  74%  Streaming frame 3289/3706
  ██████████████████░░░░░░░  74%  Streaming frame 3295/3706
  ██████████████████░░░░░░░  74%  Streaming frame 3301/3706
  ██████████████████░░░░░░░  74%  Streaming frame 3307/3706
  ██████████████████░░░░░░░  74%  Streaming frame 3313/3706
  ██████████████████░░░░░░░  74%  Streaming frame 3319/3706
  ██████████████████░░░░░░░  74%  Streaming frame 3325/3706
  ██████████████████░░░░░░░  74%  Streaming frame 3331/3706
  ██████████████████░░░░░░░  75%  Streaming frame 3337/3706
  ██████████████████░░░░░░░  75%  Streaming frame 3344/3706
  ██████████████████░░░░░░░  75%  Streaming frame 3351/3706
  ██████████████████░░░░░░░  75%  Streaming frame 3358/3706
  ██████████████████░░░░░░░  75%  Streaming frame 3365/3706
  ██████████████████░░░░░░░  75%  Streaming frame 3372/3706
  ██████████████████░░░░░░░  75%  Streaming frame 3379/3706
  ██████████████████░░░░░░░  75%  Streaming frame 3386/3706
  ██████████████████░░░░░░░  75%  Streaming frame 3393/3706
  ██████████████████░░░░░░░  75%  Streaming frame 3400/3706
  ███████████████████░░░░░░  76%  Streaming frame 3407/3706
  ███████████████████░░░░░░  76%  Streaming frame 3414/3706
  ███████████████████░░░░░░  76%  Streaming frame 3420/3706
  ███████████████████░░░░░░  76%  Streaming frame 3426/3706
  ███████████████████░░░░░░  76%  Streaming frame 3432/3706
  ███████████████████░░░░░░  76%  Streaming frame 3438/3706
  ███████████████████░░░░░░  76%  Streaming frame 3444/3706
  ███████████████████░░░░░░  76%  Streaming frame 3450/3706
  ███████████████████░░░░░░  76%  Streaming frame 3456/3706
  ███████████████████░░░░░░  76%  Streaming frame 3463/3706
  ███████████████████░░░░░░  76%  Streaming frame 3470/3706
  ███████████████████░░░░░░  77%  Streaming frame 3476/3706
  ███████████████████░░░░░░  77%  Streaming frame 3483/3706
  ███████████████████░░░░░░  77%  Streaming frame 3489/3706
  ███████████████████░░░░░░  77%  Streaming frame 3495/3706
  ███████████████████░░░░░░  77%  Streaming frame 3501/3706
  ███████████████████░░░░░░  77%  Streaming frame 3507/3706
  ███████████████████░░░░░░  77%  Streaming frame 3514/3706
  ███████████████████░░░░░░  77%  Streaming frame 3520/3706
  ███████████████████░░░░░░  77%  Streaming frame 3527/3706
  ███████████████████░░░░░░  77%  Streaming frame 3534/3706
  ███████████████████░░░░░░  78%  Streaming frame 3540/3706
  ███████████████████░░░░░░  78%  Streaming frame 3546/3706
  ███████████████████░░░░░░  78%  Streaming frame 3552/3706
  ███████████████████░░░░░░  78%  Streaming frame 3558/3706
  ███████████████████░░░░░░  78%  Streaming frame 3565/3706
  ███████████████████░░░░░░  78%  Streaming frame 3571/3706
  ███████████████████░░░░░░  78%  Streaming frame 3577/3706
  ███████████████████░░░░░░  78%  Streaming frame 3583/3706
  ███████████████████░░░░░░  78%  Streaming frame 3589/3706
  ███████████████████░░░░░░  78%  Streaming frame 3596/3706
  ███████████████████░░░░░░  78%  Streaming frame 3602/3706
  ███████████████████░░░░░░  79%  Streaming frame 3608/3706
  ███████████████████░░░░░░  79%  Streaming frame 3615/3706
  ███████████████████░░░░░░  79%  Streaming frame 3621/3706
  ███████████████████░░░░░░  79%  Streaming frame 3627/3706
  ███████████████████░░░░░░  79%  Streaming frame 3633/3706
  ███████████████████░░░░░░  79%  Streaming frame 3639/3706
  ███████████████████░░░░░░  79%  Streaming frame 3645/3706
  ███████████████████░░░░░░  79%  Streaming frame 3651/3706
  ███████████████████░░░░░░  79%  Streaming frame 3657/3706
  ███████████████████░░░░░░  79%  Streaming frame 3663/3706
  ███████████████████░░░░░░  79%  Streaming frame 3669/3706
  ████████████████████░░░░░  80%  Streaming frame 3676/3706
  ████████████████████░░░░░  80%  Streaming frame 3683/3706
  ████████████████████░░░░░  80%  Streaming frame 3690/3706
  ████████████████████░░░░░  80%  Streaming frame 3697/3706
  ████████████████████░░░░░  80%  Streaming frame 3704/3706
  ████████████████████░░░░░  80%  Streaming frame 3706/3706
[INFO] [Render:trace] {"renderJobId":"13f3cb9f-097a-4428-8b3a-8b4c57ed2b2c","phase":"capture_streaming","status":"end","elapsedMs":158570,"durationMs":155794,"stagePhase":"capturing","workerCount":1,"forceScreenshot":false,"totalFrames":3706,"framesCompleted":3706,"captureMode":"drawelement","captureOperation":"encode"}
[INFO] [Render:trace] {"renderJobId":"13f3cb9f-097a-4428-8b3a-8b4c57ed2b2c","phase":"assemble","status":"start","elapsedMs":158571,"stagePhase":"capturing","hasAudio":true,"workerCount":1,"forceScreenshot":false,"totalFrames":3706,"framesCompleted":3706,"captureMode":"drawelement","captureOperation":"encode"}
  ██████████████████████░░░  90%  Assembling final video
[INFO] [Render:trace] {"renderJobId":"13f3cb9f-097a-4428-8b3a-8b4c57ed2b2c","phase":"assemble","status":"end","elapsedMs":160554,"durationMs":1983,"stagePhase":"capturing","hasAudio":true,"workerCount":1,"forceScreenshot":false,"totalFrames":3706,"framesCompleted":3706,"captureMode":"drawelement","captureOperation":"encode"}
[INFO] [Render:trace] {"renderJobId":"13f3cb9f-097a-4428-8b3a-8b4c57ed2b2c","phase":"pipeline","status":"checkpoint","elapsedMs":160575,"message":"artifact validated","totalElapsedMs":160574}
  █████████████████████████  100%  Render complete

◇  /Users/armaanarya/YBAREPO/videos/ep02-blockchain-transaction/renders/ep02-blockchain-transaction.mp4
   25.5 MB · 2m 3.5s video · rendered in 2m 40.6s
   screenshot capture · hardware gpu · compile 0.7s · extract 0.0s · audio 1.9s · probe 0.1s · setup 0.2s · capture 2m 35.8s · encode (during capture) 2m 35.8s · assemble 2.0s
